Archive member included because of file (symbol)

c:/altera/13.0/nios2eds/bin/gnu/h-i686-mingw32/bin/../lib/gcc/nios2-elf/4.1.2/../../../../nios2-elf/lib/mno-hw-mul\libsmallc.a(lib_a-printf.o)
                              obj/default/hello_world.o (printf)
c:/altera/13.0/nios2eds/bin/gnu/h-i686-mingw32/bin/../lib/gcc/nios2-elf/4.1.2/../../../../nios2-elf/lib/mno-hw-mul\libsmallc.a(lib_a-puts.o)
                              obj/default/hello_world.o (puts)
c:/altera/13.0/nios2eds/bin/gnu/h-i686-mingw32/bin/../lib/gcc/nios2-elf/4.1.2/../../../../nios2-elf/lib/mno-hw-mul\libsmallc.a(lib_a-strlen.o)
                              c:/altera/13.0/nios2eds/bin/gnu/h-i686-mingw32/bin/../lib/gcc/nios2-elf/4.1.2/../../../../nios2-elf/lib/mno-hw-mul\libsmallc.a(lib_a-puts.o) (strlen)
c:/altera/13.0/nios2eds/bin/gnu/h-i686-mingw32/bin/../lib/gcc/nios2-elf/4.1.2/../../../../nios2-elf/lib/mno-hw-mul\libsmallc.a(lib_a-vfprintf.o)
                              c:/altera/13.0/nios2eds/bin/gnu/h-i686-mingw32/bin/../lib/gcc/nios2-elf/4.1.2/../../../../nios2-elf/lib/mno-hw-mul\libsmallc.a(lib_a-printf.o) (___vfprintf_internal_r)
c:/altera/13.0/nios2eds/bin/gnu/h-i686-mingw32/bin/../lib/gcc/nios2-elf/4.1.2/../../../../nios2-elf/lib/mno-hw-mul\libsmallc.a(lib_a-fvwrite_small_dev.o)
                              c:/altera/13.0/nios2eds/bin/gnu/h-i686-mingw32/bin/../lib/gcc/nios2-elf/4.1.2/../../../../nios2-elf/lib/mno-hw-mul\libsmallc.a(lib_a-printf.o) (__sfvwrite_small_dev)
c:/altera/13.0/nios2eds/bin/gnu/h-i686-mingw32/bin/../lib/gcc/nios2-elf/4.1.2/../../../../nios2-elf/lib/mno-hw-mul\libsmallc.a(lib_a-impure.o)
                              c:/altera/13.0/nios2eds/bin/gnu/h-i686-mingw32/bin/../lib/gcc/nios2-elf/4.1.2/../../../../nios2-elf/lib/mno-hw-mul\libsmallc.a(lib_a-printf.o) (_impure_ptr)
c:/altera/13.0/nios2eds/bin/gnu/h-i686-mingw32/bin/../lib/gcc/nios2-elf/4.1.2/../../../../nios2-elf/lib/mno-hw-mul\libsmallc.a(lib_a-writer.o)
                              c:/altera/13.0/nios2eds/bin/gnu/h-i686-mingw32/bin/../lib/gcc/nios2-elf/4.1.2/../../../../nios2-elf/lib/mno-hw-mul\libsmallc.a(lib_a-fvwrite_small_dev.o) (_write_r)
c:/altera/13.0/nios2eds/bin/gnu/h-i686-mingw32/bin/../lib/gcc/nios2-elf/4.1.2/../../../../nios2-elf/lib/mno-hw-mul\libsmallc.a(lib_a-int_errno.o)
                              c:/altera/13.0/nios2eds/bin/gnu/h-i686-mingw32/bin/../lib/gcc/nios2-elf/4.1.2/../../../../nios2-elf/lib/mno-hw-mul\libsmallc.a(lib_a-writer.o) (errno)
c:/altera/13.0/nios2eds/bin/gnu/h-i686-mingw32/bin/../lib/gcc/nios2-elf/4.1.2/mno-hw-mul\libgcc.a(lib2-divmod.o)
                              c:/altera/13.0/nios2eds/bin/gnu/h-i686-mingw32/bin/../lib/gcc/nios2-elf/4.1.2/../../../../nios2-elf/lib/mno-hw-mul\libsmallc.a(lib_a-vfprintf.o) (__udivsi3)
c:/altera/13.0/nios2eds/bin/gnu/h-i686-mingw32/bin/../lib/gcc/nios2-elf/4.1.2/mno-hw-mul\libgcc.a(lib2-mul.o)
                              c:/altera/13.0/nios2eds/bin/gnu/h-i686-mingw32/bin/../lib/gcc/nios2-elf/4.1.2/../../../../nios2-elf/lib/mno-hw-mul\libsmallc.a(lib_a-vfprintf.o) (__mulsi3)
../Mult1_bsp/\libhal_bsp.a(alt_load.o)
                              ../Mult1_bsp//obj/HAL/src/crt0.o (alt_load)
../Mult1_bsp/\libhal_bsp.a(alt_main.o)
                              ../Mult1_bsp//obj/HAL/src/crt0.o (alt_main)
../Mult1_bsp/\libhal_bsp.a(alt_write.o)
                              c:/altera/13.0/nios2eds/bin/gnu/h-i686-mingw32/bin/../lib/gcc/nios2-elf/4.1.2/../../../../nios2-elf/lib/mno-hw-mul\libsmallc.a(lib_a-writer.o) (write)
../Mult1_bsp/\libhal_bsp.a(alt_sys_init.o)
                              ../Mult1_bsp/\libhal_bsp.a(alt_main.o) (alt_irq_init)
../Mult1_bsp/\libhal_bsp.a(altera_avalon_jtag_uart_fd.o)
                              ../Mult1_bsp/\libhal_bsp.a(alt_sys_init.o) (altera_avalon_jtag_uart_read_fd)
../Mult1_bsp/\libhal_bsp.a(altera_avalon_jtag_uart_read.o)
                              ../Mult1_bsp/\libhal_bsp.a(altera_avalon_jtag_uart_fd.o) (altera_avalon_jtag_uart_read)
../Mult1_bsp/\libhal_bsp.a(altera_avalon_jtag_uart_write.o)
                              ../Mult1_bsp/\libhal_bsp.a(altera_avalon_jtag_uart_fd.o) (altera_avalon_jtag_uart_write)
../Mult1_bsp/\libhal_bsp.a(alt_close.o)
                              ../Mult1_bsp/\libhal_bsp.a(alt_main.o) (close)
../Mult1_bsp/\libhal_bsp.a(alt_dcache_flush_all.o)
                              ../Mult1_bsp/\libhal_bsp.a(alt_load.o) (alt_dcache_flush_all)
../Mult1_bsp/\libhal_bsp.a(alt_dev.o)
                              ../Mult1_bsp/\libhal_bsp.a(alt_sys_init.o) (alt_dev_list)
../Mult1_bsp/\libhal_bsp.a(alt_dev_llist_insert.o)
                              ../Mult1_bsp/\libhal_bsp.a(alt_sys_init.o) (alt_dev_llist_insert)
../Mult1_bsp/\libhal_bsp.a(alt_errno.o)
                              ../Mult1_bsp/\libhal_bsp.a(alt_write.o) (alt_errno)
../Mult1_bsp/\libhal_bsp.a(alt_icache_flush_all.o)
                              ../Mult1_bsp/\libhal_bsp.a(alt_load.o) (alt_icache_flush_all)
../Mult1_bsp/\libhal_bsp.a(alt_io_redirect.o)
                              ../Mult1_bsp/\libhal_bsp.a(alt_main.o) (alt_io_redirect)
../Mult1_bsp/\libhal_bsp.a(alt_open.o)
                              ../Mult1_bsp/\libhal_bsp.a(alt_io_redirect.o) (open)
../Mult1_bsp/\libhal_bsp.a(alt_release_fd.o)
                              ../Mult1_bsp/\libhal_bsp.a(alt_close.o) (alt_release_fd)
../Mult1_bsp/\libhal_bsp.a(altera_nios2_qsys_irq.o)
                              ../Mult1_bsp/\libhal_bsp.a(alt_sys_init.o) (altera_nios2_qsys_irq_init)
../Mult1_bsp/\libhal_bsp.a(alt_find_dev.o)
                              ../Mult1_bsp/\libhal_bsp.a(alt_open.o) (alt_find_dev)
../Mult1_bsp/\libhal_bsp.a(alt_find_file.o)
                              ../Mult1_bsp/\libhal_bsp.a(alt_open.o) (alt_find_file)
../Mult1_bsp/\libhal_bsp.a(alt_get_fd.o)
                              ../Mult1_bsp/\libhal_bsp.a(alt_open.o) (alt_get_fd)
c:/altera/13.0/nios2eds/bin/gnu/h-i686-mingw32/bin/../lib/gcc/nios2-elf/4.1.2/../../../../nios2-elf/lib/mno-hw-mul\libsmallc.a(lib_a-exit.o)
                              ../Mult1_bsp/\libhal_bsp.a(alt_main.o) (exit)
c:/altera/13.0/nios2eds/bin/gnu/h-i686-mingw32/bin/../lib/gcc/nios2-elf/4.1.2/../../../../nios2-elf/lib/mno-hw-mul\libsmallc.a(lib_a-memcmp.o)
                              ../Mult1_bsp/\libhal_bsp.a(alt_find_dev.o) (memcmp)
c:/altera/13.0/nios2eds/bin/gnu/h-i686-mingw32/bin/../lib/gcc/nios2-elf/4.1.2/../../../../nios2-elf/lib/mno-hw-mul\libsmallc.a(lib_a-__call_atexit.o)
                              c:/altera/13.0/nios2eds/bin/gnu/h-i686-mingw32/bin/../lib/gcc/nios2-elf/4.1.2/../../../../nios2-elf/lib/mno-hw-mul\libsmallc.a(lib_a-exit.o) (__call_exitprocs)
../Mult1_bsp/\libhal_bsp.a(alt_exit.o)
                              c:/altera/13.0/nios2eds/bin/gnu/h-i686-mingw32/bin/../lib/gcc/nios2-elf/4.1.2/../../../../nios2-elf/lib/mno-hw-mul\libsmallc.a(lib_a-exit.o) (_exit)

Allocating common symbols
Common symbol       size              file

errno               0x4               c:/altera/13.0/nios2eds/bin/gnu/h-i686-mingw32/bin/../lib/gcc/nios2-elf/4.1.2/../../../../nios2-elf/lib/mno-hw-mul\libsmallc.a(lib_a-int_errno.o)

Memory Configuration

Name             Origin             Length             Attributes
reset            0x00010000         0x00000020
RAM              0x00010020         0x00009fe0
*default*        0x00000000         0xffffffff

Linker script and memory map

LOAD ../Mult1_bsp//obj/HAL/src/crt0.o
LOAD obj/default/hello_world.o
LOAD c:/altera/13.0/nios2eds/bin/gnu/h-i686-mingw32/bin/../lib/gcc/nios2-elf/4.1.2/../../../../nios2-elf/lib/mno-hw-mul\libstdc++.a
LOAD c:/altera/13.0/nios2eds/bin/gnu/h-i686-mingw32/bin/../lib/gcc/nios2-elf/4.1.2/../../../../nios2-elf/lib/mno-hw-mul\libm.a
LOAD c:/altera/13.0/nios2eds/bin/gnu/h-i686-mingw32/bin/../lib/gcc/nios2-elf/4.1.2/mno-hw-mul\libgcc.a
START GROUP
LOAD c:/altera/13.0/nios2eds/bin/gnu/h-i686-mingw32/bin/../lib/gcc/nios2-elf/4.1.2/../../../../nios2-elf/lib/mno-hw-mul\libsmallc.a
LOAD c:/altera/13.0/nios2eds/bin/gnu/h-i686-mingw32/bin/../lib/gcc/nios2-elf/4.1.2/mno-hw-mul\libgcc.a
LOAD ../Mult1_bsp/\libhal_bsp.a
END GROUP
LOAD c:/altera/13.0/nios2eds/bin/gnu/h-i686-mingw32/bin/../lib/gcc/nios2-elf/4.1.2/mno-hw-mul\libgcc.a
                0x00010000                __alt_mem_RAM = 0x10000

.entry          0x00010000       0x20
 *(.entry)
 .entry         0x00010000       0x20 ../Mult1_bsp//obj/HAL/src/crt0.o
                0x00010000                __reset

.exceptions     0x00010020        0x0
                0x00010020                PROVIDE (__ram_exceptions_start, ABSOLUTE (.))
                0x00010020                . = ALIGN (0x20)
 *(.irq)
 *(.exceptions.entry.label)
 *(.exceptions.entry.user)
 *(.exceptions.entry)
 *(.exceptions.irqtest.user)
 *(.exceptions.irqtest)
 *(.exceptions.irqhandler.user)
 *(.exceptions.irqhandler)
 *(.exceptions.irqreturn.user)
 *(.exceptions.irqreturn)
 *(.exceptions.notirq.label)
 *(.exceptions.notirq.user)
 *(.exceptions.notirq)
 *(.exceptions.soft.user)
 *(.exceptions.soft)
 *(.exceptions.unknown.user)
 *(.exceptions.unknown)
 *(.exceptions.exit.label)
 *(.exceptions.exit.user)
 *(.exceptions.exit)
 *(.exceptions)
                0x00010020                PROVIDE (__ram_exceptions_end, ABSOLUTE (.))
                0x00010020                PROVIDE (__flash_exceptions_start, LOADADDR (.exceptions))

.text           0x00010020     0x1eac
                0x00010020                PROVIDE (stext, ABSOLUTE (.))
 *(.interp)
 *(.hash)
 *(.dynsym)
 *(.dynstr)
 *(.gnu.version)
 *(.gnu.version_d)
 *(.gnu.version_r)
 *(.rel.init)
 *(.rela.init)
 *(.rel.text .rel.text.* .rel.gnu.linkonce.t.*)
 *(.rela.text .rela.text.* .rela.gnu.linkonce.t.*)
 *(.rel.fini)
 *(.rela.fini)
 *(.rel.rodata .rel.rodata.* .rel.gnu.linkonce.r.*)
 *(.rela.rodata .rela.rodata.* .rela.gnu.linkonce.r.*)
 *(.rel.data .rel.data.* .rel.gnu.linkonce.d.*)
 *(.rela.data .rela.data.* .rela.gnu.linkonce.d.*)
 *(.rel.tdata .rel.tdata.* .rel.gnu.linkonce.td.*)
 *(.rela.tdata .rela.tdata.* .rela.gnu.linkonce.td.*)
 *(.rel.tbss .rel.tbss.* .rel.gnu.linkonce.tb.*)
 *(.rela.tbss .rela.tbss.* .rela.gnu.linkonce.tb.*)
 *(.rel.ctors)
 *(.rela.ctors)
 *(.rel.dtors)
 *(.rela.dtors)
 *(.rel.got)
 *(.rela.got)
 *(.rel.sdata .rel.sdata.* .rel.gnu.linkonce.s.*)
 *(.rela.sdata .rela.sdata.* .rela.gnu.linkonce.s.*)
 *(.rel.sbss .rel.sbss.* .rel.gnu.linkonce.sb.*)
 *(.rela.sbss .rela.sbss.* .rela.gnu.linkonce.sb.*)
 *(.rel.sdata2 .rel.sdata2.* .rel.gnu.linkonce.s2.*)
 *(.rela.sdata2 .rela.sdata2.* .rela.gnu.linkonce.s2.*)
 *(.rel.sbss2 .rel.sbss2.* .rel.gnu.linkonce.sb2.*)
 *(.rela.sbss2 .rela.sbss2.* .rela.gnu.linkonce.sb2.*)
 *(.rel.bss .rel.bss.* .rel.gnu.linkonce.b.*)
 *(.rela.bss .rela.bss.* .rela.gnu.linkonce.b.*)
 *(.rel.plt)
 *(.rela.plt)
 *(.rel.dyn)
 *(.init)
 *(.plt)
 *(.text .stub .text.* .gnu.linkonce.t.*)
 .text          0x00010020       0x3c ../Mult1_bsp//obj/HAL/src/crt0.o
                0x00010020                _start
 .text          0x0001005c       0xb4 obj/default/hello_world.o
                0x0001005c                main
 .text          0x00010110       0x98 c:/altera/13.0/nios2eds/bin/gnu/h-i686-mingw32/bin/../lib/gcc/nios2-elf/4.1.2/../../../../nios2-elf/lib/mno-hw-mul\libsmallc.a(lib_a-printf.o)
                0x00010110                printf
                0x00010164                _printf_r
 .text          0x000101a8       0xa4 c:/altera/13.0/nios2eds/bin/gnu/h-i686-mingw32/bin/../lib/gcc/nios2-elf/4.1.2/../../../../nios2-elf/lib/mno-hw-mul\libsmallc.a(lib_a-puts.o)
                0x000101a8                _puts_r
                0x00010238                puts
 .text          0x0001024c       0x20 c:/altera/13.0/nios2eds/bin/gnu/h-i686-mingw32/bin/../lib/gcc/nios2-elf/4.1.2/../../../../nios2-elf/lib/mno-hw-mul\libsmallc.a(lib_a-strlen.o)
                0x0001024c                strlen
 .text          0x0001026c      0x740 c:/altera/13.0/nios2eds/bin/gnu/h-i686-mingw32/bin/../lib/gcc/nios2-elf/4.1.2/../../../../nios2-elf/lib/mno-hw-mul\libsmallc.a(lib_a-vfprintf.o)
                0x000102ec                ___vfprintf_internal_r
                0x00010988                __vfprintf_internal
 .text          0x000109ac       0xbc c:/altera/13.0/nios2eds/bin/gnu/h-i686-mingw32/bin/../lib/gcc/nios2-elf/4.1.2/../../../../nios2-elf/lib/mno-hw-mul\libsmallc.a(lib_a-fvwrite_small_dev.o)
                0x000109ac                __sfvwrite_small_dev
 .text          0x00010a68        0x0 c:/altera/13.0/nios2eds/bin/gnu/h-i686-mingw32/bin/../lib/gcc/nios2-elf/4.1.2/../../../../nios2-elf/lib/mno-hw-mul\libsmallc.a(lib_a-impure.o)
 .text          0x00010a68       0x78 c:/altera/13.0/nios2eds/bin/gnu/h-i686-mingw32/bin/../lib/gcc/nios2-elf/4.1.2/../../../../nios2-elf/lib/mno-hw-mul\libsmallc.a(lib_a-writer.o)
                0x00010a68                _write_r
 .text          0x00010ae0        0x0 c:/altera/13.0/nios2eds/bin/gnu/h-i686-mingw32/bin/../lib/gcc/nios2-elf/4.1.2/../../../../nios2-elf/lib/mno-hw-mul\libsmallc.a(lib_a-int_errno.o)
 .text          0x00010ae0      0x14c c:/altera/13.0/nios2eds/bin/gnu/h-i686-mingw32/bin/../lib/gcc/nios2-elf/4.1.2/mno-hw-mul\libgcc.a(lib2-divmod.o)
                0x00010b5c                __divsi3
                0x00010bbc                __modsi3
                0x00010c1c                __udivsi3
                0x00010c24                __umodsi3
 .text          0x00010c2c       0x38 c:/altera/13.0/nios2eds/bin/gnu/h-i686-mingw32/bin/../lib/gcc/nios2-elf/4.1.2/mno-hw-mul\libgcc.a(lib2-mul.o)
                0x00010c2c                __mulsi3
 .text          0x00010c64       0xec ../Mult1_bsp/\libhal_bsp.a(alt_load.o)
                0x00010c64                alt_load
 .text          0x00010d50       0x5c ../Mult1_bsp/\libhal_bsp.a(alt_main.o)
                0x00010d50                alt_main
 .text          0x00010dac      0x184 ../Mult1_bsp/\libhal_bsp.a(alt_write.o)
                0x00010dac                write
 .text          0x00010f30       0x9c ../Mult1_bsp/\libhal_bsp.a(alt_sys_init.o)
                0x00010f30                alt_irq_init
                0x00010f64                alt_sys_init
 .text          0x00010fcc       0xb0 ../Mult1_bsp/\libhal_bsp.a(altera_avalon_jtag_uart_fd.o)
                0x00010fcc                altera_avalon_jtag_uart_read_fd
                0x00011024                altera_avalon_jtag_uart_write_fd
 .text          0x0001107c      0x104 ../Mult1_bsp/\libhal_bsp.a(altera_avalon_jtag_uart_read.o)
                0x0001107c                altera_avalon_jtag_uart_read
 .text          0x00011180       0xa4 ../Mult1_bsp/\libhal_bsp.a(altera_avalon_jtag_uart_write.o)
                0x00011180                altera_avalon_jtag_uart_write
 .text          0x00011224      0x160 ../Mult1_bsp/\libhal_bsp.a(alt_close.o)
                0x00011224                close
 .text          0x00011384       0x1c ../Mult1_bsp/\libhal_bsp.a(alt_dcache_flush_all.o)
                0x00011384                alt_dcache_flush_all
 .text          0x000113a0       0x2c ../Mult1_bsp/\libhal_bsp.a(alt_dev.o)
 .text          0x000113cc      0x114 ../Mult1_bsp/\libhal_bsp.a(alt_dev_llist_insert.o)
                0x000113cc                alt_dev_llist_insert
 .text          0x000114e0        0x0 ../Mult1_bsp/\libhal_bsp.a(alt_errno.o)
 .text          0x000114e0       0x1c ../Mult1_bsp/\libhal_bsp.a(alt_icache_flush_all.o)
                0x000114e0                alt_icache_flush_all
 .text          0x000114fc      0x150 ../Mult1_bsp/\libhal_bsp.a(alt_io_redirect.o)
                0x000115d4                alt_io_redirect
 .text          0x0001164c      0x2e4 ../Mult1_bsp/\libhal_bsp.a(alt_open.o)
                0x00011744                open
 .text          0x00011930       0x78 ../Mult1_bsp/\libhal_bsp.a(alt_release_fd.o)
                0x00011930                alt_release_fd
 .text          0x000119a8       0x20 ../Mult1_bsp/\libhal_bsp.a(altera_nios2_qsys_irq.o)
                0x000119a8                altera_nios2_qsys_irq_init
 .text          0x000119c8       0x94 ../Mult1_bsp/\libhal_bsp.a(alt_find_dev.o)
                0x000119c8                alt_find_dev
 .text          0x00011a5c      0x120 ../Mult1_bsp/\libhal_bsp.a(alt_find_file.o)
                0x00011a5c                alt_find_file
 .text          0x00011b7c       0xd0 ../Mult1_bsp/\libhal_bsp.a(alt_get_fd.o)
                0x00011b7c                alt_get_fd
 .text          0x00011c4c       0x20 c:/altera/13.0/nios2eds/bin/gnu/h-i686-mingw32/bin/../lib/gcc/nios2-elf/4.1.2/../../../../nios2-elf/lib/mno-hw-mul\libsmallc.a(lib_a-exit.o)
                0x00011c4c                exit
 .text          0x00011c6c       0x3c c:/altera/13.0/nios2eds/bin/gnu/h-i686-mingw32/bin/../lib/gcc/nios2-elf/4.1.2/../../../../nios2-elf/lib/mno-hw-mul\libsmallc.a(lib_a-memcmp.o)
                0x00011c6c                memcmp
 .text          0x00011ca8      0x1c0 c:/altera/13.0/nios2eds/bin/gnu/h-i686-mingw32/bin/../lib/gcc/nios2-elf/4.1.2/../../../../nios2-elf/lib/mno-hw-mul\libsmallc.a(lib_a-__call_atexit.o)
                0x00011cac                __call_exitprocs
 .text          0x00011e68       0x60 ../Mult1_bsp/\libhal_bsp.a(alt_exit.o)
                0x00011ea8                _exit
 *(.gnu.warning.*)
 *(.fini)
                0x00011ec8                PROVIDE (__etext, ABSOLUTE (.))
                0x00011ec8                PROVIDE (_etext, ABSOLUTE (.))
                0x00011ec8                PROVIDE (etext, ABSOLUTE (.))
 *(.eh_frame_hdr)
                0x00011ec8                . = ALIGN (0x4)
                0x00011ec8                PROVIDE (__preinit_array_start, ABSOLUTE (.))
 *(.preinit_array)
                0x00011ec8                PROVIDE (__preinit_array_end, ABSOLUTE (.))
                0x00011ec8                PROVIDE (__init_array_start, ABSOLUTE (.))
 *(.init_array)
                0x00011ec8                PROVIDE (__init_array_end, ABSOLUTE (.))
                0x00011ec8                PROVIDE (__fini_array_start, ABSOLUTE (.))
 *(.fini_array)
                0x00011ec8                PROVIDE (__fini_array_end, ABSOLUTE (.))
 *(.eh_frame)
 *(.gcc_except_table)
 *(.dynamic)
                0x00011ec8                PROVIDE (__CTOR_LIST__, ABSOLUTE (.))
 *(.ctors)
 *(SORT(.ctors.*))
 .ctors.65535   0x00011ec8        0x4 c:/altera/13.0/nios2eds/bin/gnu/h-i686-mingw32/bin/../lib/gcc/nios2-elf/4.1.2/../../../../nios2-elf/lib/mno-hw-mul\libsmallc.a(lib_a-__call_atexit.o)
                0x00011ecc                PROVIDE (__CTOR_END__, ABSOLUTE (.))
                0x00011ecc                PROVIDE (__DTOR_LIST__, ABSOLUTE (.))
 *(.dtors)
 *(SORT(.dtors.*))
                0x00011ecc                PROVIDE (__DTOR_END__, ABSOLUTE (.))
 *(.jcr)
                0x00011ecc                . = ALIGN (0x4)

.rodata         0x00011ecc       0x54
                0x00011ecc                PROVIDE (__ram_rodata_start, ABSOLUTE (.))
                0x00011ecc                . = ALIGN (0x4)
 *(.rodata .rodata.* .gnu.linkonce.r.*)
 .rodata        0x00011ecc       0x2c obj/default/hello_world.o
 .rodata.str1.4
                0x00011ef8        0x4 c:/altera/13.0/nios2eds/bin/gnu/h-i686-mingw32/bin/../lib/gcc/nios2-elf/4.1.2/../../../../nios2-elf/lib/mno-hw-mul\libsmallc.a(lib_a-puts.o)
 .rodata        0x00011efc        0xc ../Mult1_bsp/\libhal_bsp.a(alt_main.o)
 .rodata        0x00011f08        0xc ../Mult1_bsp/\libhal_bsp.a(alt_sys_init.o)
 .rodata        0x00011f14        0xc ../Mult1_bsp/\libhal_bsp.a(alt_dev.o)
 *(.rodata1)
                0x00011f20                . = ALIGN (0x4)
                0x00011f20                PROVIDE (__ram_rodata_end, ABSOLUTE (.))
                0x00011ecc                PROVIDE (__flash_rodata_start, LOADADDR (.rodata))

.rwdata         0x00011f20      0x2d4 load address 0x000121f4
                0x00011f20                PROVIDE (__ram_rwdata_start, ABSOLUTE (.))
                0x00011f20                . = ALIGN (0x4)
 *(.got.plt)
 *(.got)
 *(.data1)
 *(.data .data.* .gnu.linkonce.d.*)
 .data          0x00011f20        0x0 ../Mult1_bsp//obj/HAL/src/crt0.o
 .data          0x00011f20        0x0 obj/default/hello_world.o
 .data          0x00011f20        0x0 c:/altera/13.0/nios2eds/bin/gnu/h-i686-mingw32/bin/../lib/gcc/nios2-elf/4.1.2/../../../../nios2-elf/lib/mno-hw-mul\libsmallc.a(lib_a-printf.o)
 .data          0x00011f20        0x0 c:/altera/13.0/nios2eds/bin/gnu/h-i686-mingw32/bin/../lib/gcc/nios2-elf/4.1.2/../../../../nios2-elf/lib/mno-hw-mul\libsmallc.a(lib_a-puts.o)
 .data          0x00011f20        0x0 c:/altera/13.0/nios2eds/bin/gnu/h-i686-mingw32/bin/../lib/gcc/nios2-elf/4.1.2/../../../../nios2-elf/lib/mno-hw-mul\libsmallc.a(lib_a-strlen.o)
 .data          0x00011f20        0x0 c:/altera/13.0/nios2eds/bin/gnu/h-i686-mingw32/bin/../lib/gcc/nios2-elf/4.1.2/../../../../nios2-elf/lib/mno-hw-mul\libsmallc.a(lib_a-vfprintf.o)
 .data          0x00011f20        0x0 c:/altera/13.0/nios2eds/bin/gnu/h-i686-mingw32/bin/../lib/gcc/nios2-elf/4.1.2/../../../../nios2-elf/lib/mno-hw-mul\libsmallc.a(lib_a-fvwrite_small_dev.o)
 .data          0x00011f20       0xe0 c:/altera/13.0/nios2eds/bin/gnu/h-i686-mingw32/bin/../lib/gcc/nios2-elf/4.1.2/../../../../nios2-elf/lib/mno-hw-mul\libsmallc.a(lib_a-impure.o)
 .data          0x00012000        0x0 c:/altera/13.0/nios2eds/bin/gnu/h-i686-mingw32/bin/../lib/gcc/nios2-elf/4.1.2/../../../../nios2-elf/lib/mno-hw-mul\libsmallc.a(lib_a-writer.o)
 .data          0x00012000        0x0 c:/altera/13.0/nios2eds/bin/gnu/h-i686-mingw32/bin/../lib/gcc/nios2-elf/4.1.2/../../../../nios2-elf/lib/mno-hw-mul\libsmallc.a(lib_a-int_errno.o)
 .data          0x00012000        0x0 c:/altera/13.0/nios2eds/bin/gnu/h-i686-mingw32/bin/../lib/gcc/nios2-elf/4.1.2/mno-hw-mul\libgcc.a(lib2-divmod.o)
 .data          0x00012000        0x0 c:/altera/13.0/nios2eds/bin/gnu/h-i686-mingw32/bin/../lib/gcc/nios2-elf/4.1.2/mno-hw-mul\libgcc.a(lib2-mul.o)
 .data          0x00012000        0x0 ../Mult1_bsp/\libhal_bsp.a(alt_load.o)
 .data          0x00012000        0x0 ../Mult1_bsp/\libhal_bsp.a(alt_main.o)
 .data          0x00012000        0x0 ../Mult1_bsp/\libhal_bsp.a(alt_write.o)
 .data          0x00012000       0x2c ../Mult1_bsp/\libhal_bsp.a(alt_sys_init.o)
 .data          0x0001202c        0x0 ../Mult1_bsp/\libhal_bsp.a(altera_avalon_jtag_uart_fd.o)
 .data          0x0001202c        0x0 ../Mult1_bsp/\libhal_bsp.a(altera_avalon_jtag_uart_read.o)
 .data          0x0001202c        0x0 ../Mult1_bsp/\libhal_bsp.a(altera_avalon_jtag_uart_write.o)
 .data          0x0001202c        0x0 ../Mult1_bsp/\libhal_bsp.a(alt_close.o)
 .data          0x0001202c        0x0 ../Mult1_bsp/\libhal_bsp.a(alt_dcache_flush_all.o)
 .data          0x0001202c      0x1a8 ../Mult1_bsp/\libhal_bsp.a(alt_dev.o)
                0x0001202c                alt_dev_null
                0x00012054                alt_fd_list
 .data          0x000121d4        0x0 ../Mult1_bsp/\libhal_bsp.a(alt_dev_llist_insert.o)
 .data          0x000121d4        0x0 ../Mult1_bsp/\libhal_bsp.a(alt_errno.o)
 .data          0x000121d4        0x0 ../Mult1_bsp/\libhal_bsp.a(alt_icache_flush_all.o)
 .data          0x000121d4        0x0 ../Mult1_bsp/\libhal_bsp.a(alt_io_redirect.o)
 .data          0x000121d4        0x0 ../Mult1_bsp/\libhal_bsp.a(alt_open.o)
 .data          0x000121d4        0x0 ../Mult1_bsp/\libhal_bsp.a(alt_release_fd.o)
 .data          0x000121d4        0x0 ../Mult1_bsp/\libhal_bsp.a(altera_nios2_qsys_irq.o)
 .data          0x000121d4        0x0 ../Mult1_bsp/\libhal_bsp.a(alt_find_dev.o)
 .data          0x000121d4        0x0 ../Mult1_bsp/\libhal_bsp.a(alt_find_file.o)
 .data          0x000121d4        0x0 ../Mult1_bsp/\libhal_bsp.a(alt_get_fd.o)
 .data          0x000121d4        0x0 c:/altera/13.0/nios2eds/bin/gnu/h-i686-mingw32/bin/../lib/gcc/nios2-elf/4.1.2/../../../../nios2-elf/lib/mno-hw-mul\libsmallc.a(lib_a-exit.o)
 .data          0x000121d4        0x0 c:/altera/13.0/nios2eds/bin/gnu/h-i686-mingw32/bin/../lib/gcc/nios2-elf/4.1.2/../../../../nios2-elf/lib/mno-hw-mul\libsmallc.a(lib_a-memcmp.o)
 .data          0x000121d4        0x0 c:/altera/13.0/nios2eds/bin/gnu/h-i686-mingw32/bin/../lib/gcc/nios2-elf/4.1.2/../../../../nios2-elf/lib/mno-hw-mul\libsmallc.a(lib_a-__call_atexit.o)
 .data          0x000121d4        0x0 ../Mult1_bsp/\libhal_bsp.a(alt_exit.o)
                0x0001a1d4                _gp = ABSOLUTE ((. + 0x8000))
                0x0001a1d4                PROVIDE (gp, _gp)
 *(.rwdata .rwdata.*)
 *(.sdata .sdata.* .gnu.linkonce.s.*)
 .sdata         0x000121d4        0x8 c:/altera/13.0/nios2eds/bin/gnu/h-i686-mingw32/bin/../lib/gcc/nios2-elf/4.1.2/../../../../nios2-elf/lib/mno-hw-mul\libsmallc.a(lib_a-impure.o)
                0x000121d4                _impure_ptr
                0x000121d8                _global_impure_ptr
 .sdata         0x000121dc       0x14 ../Mult1_bsp/\libhal_bsp.a(alt_dev.o)
                0x000121dc                alt_fs_list
                0x000121e4                alt_dev_list
                0x000121ec                alt_max_fd
 .sdata         0x000121f0        0x4 ../Mult1_bsp/\libhal_bsp.a(alt_errno.o)
                0x000121f0                alt_errno
 *(.sdata2 .sdata2.* .gnu.linkonce.s2.*)
                0x000121f4                . = ALIGN (0x4)
                0x000121f4                _edata = ABSOLUTE (.)
                0x000121f4                PROVIDE (edata, ABSOLUTE (.))
                0x000121f4                PROVIDE (__ram_rwdata_end, ABSOLUTE (.))
                0x000121f4                PROVIDE (__flash_rwdata_start, LOADADDR (.rwdata))

.bss            0x000124c8       0x10
                0x000124c8                __bss_start = ABSOLUTE (.)
                0x000124c8                PROVIDE (__sbss_start, ABSOLUTE (.))
                0x000124c8                PROVIDE (___sbss_start, ABSOLUTE (.))
 *(.dynsbss)
 *(.sbss .sbss.* .gnu.linkonce.sb.*)
 .sbss          0x000124c8        0x4 c:/altera/13.0/nios2eds/bin/gnu/h-i686-mingw32/bin/../lib/gcc/nios2-elf/4.1.2/../../../../nios2-elf/lib/mno-hw-mul\libsmallc.a(lib_a-int_errno.o)
                0x000124c8                errno
 .sbss          0x000124cc        0xc ../Mult1_bsp/\libhal_bsp.a(alt_main.o)
                0x000124cc                alt_argc
                0x000124d0                alt_argv
                0x000124d4                alt_envp
 *(.sbss2 .sbss2.* .gnu.linkonce.sb2.*)
 *(.scommon)
                0x000124d8                PROVIDE (__sbss_end, ABSOLUTE (.))
                0x000124d8                PROVIDE (___sbss_end, ABSOLUTE (.))
 *(.dynbss)
 *(.bss .bss.* .gnu.linkonce.b.*)
 .bss           0x000124d8        0x0 ../Mult1_bsp//obj/HAL/src/crt0.o
 .bss           0x000124d8        0x0 obj/default/hello_world.o
 .bss           0x000124d8        0x0 c:/altera/13.0/nios2eds/bin/gnu/h-i686-mingw32/bin/../lib/gcc/nios2-elf/4.1.2/../../../../nios2-elf/lib/mno-hw-mul\libsmallc.a(lib_a-printf.o)
 .bss           0x000124d8        0x0 c:/altera/13.0/nios2eds/bin/gnu/h-i686-mingw32/bin/../lib/gcc/nios2-elf/4.1.2/../../../../nios2-elf/lib/mno-hw-mul\libsmallc.a(lib_a-puts.o)
 .bss           0x000124d8        0x0 c:/altera/13.0/nios2eds/bin/gnu/h-i686-mingw32/bin/../lib/gcc/nios2-elf/4.1.2/../../../../nios2-elf/lib/mno-hw-mul\libsmallc.a(lib_a-strlen.o)
 .bss           0x000124d8        0x0 c:/altera/13.0/nios2eds/bin/gnu/h-i686-mingw32/bin/../lib/gcc/nios2-elf/4.1.2/../../../../nios2-elf/lib/mno-hw-mul\libsmallc.a(lib_a-vfprintf.o)
 .bss           0x000124d8        0x0 c:/altera/13.0/nios2eds/bin/gnu/h-i686-mingw32/bin/../lib/gcc/nios2-elf/4.1.2/../../../../nios2-elf/lib/mno-hw-mul\libsmallc.a(lib_a-fvwrite_small_dev.o)
 .bss           0x000124d8        0x0 c:/altera/13.0/nios2eds/bin/gnu/h-i686-mingw32/bin/../lib/gcc/nios2-elf/4.1.2/../../../../nios2-elf/lib/mno-hw-mul\libsmallc.a(lib_a-impure.o)
 .bss           0x000124d8        0x0 c:/altera/13.0/nios2eds/bin/gnu/h-i686-mingw32/bin/../lib/gcc/nios2-elf/4.1.2/../../../../nios2-elf/lib/mno-hw-mul\libsmallc.a(lib_a-writer.o)
 .bss           0x000124d8        0x0 c:/altera/13.0/nios2eds/bin/gnu/h-i686-mingw32/bin/../lib/gcc/nios2-elf/4.1.2/../../../../nios2-elf/lib/mno-hw-mul\libsmallc.a(lib_a-int_errno.o)
 .bss           0x000124d8        0x0 c:/altera/13.0/nios2eds/bin/gnu/h-i686-mingw32/bin/../lib/gcc/nios2-elf/4.1.2/mno-hw-mul\libgcc.a(lib2-divmod.o)
 .bss           0x000124d8        0x0 c:/altera/13.0/nios2eds/bin/gnu/h-i686-mingw32/bin/../lib/gcc/nios2-elf/4.1.2/mno-hw-mul\libgcc.a(lib2-mul.o)
 .bss           0x000124d8        0x0 ../Mult1_bsp/\libhal_bsp.a(alt_load.o)
 .bss           0x000124d8        0x0 ../Mult1_bsp/\libhal_bsp.a(alt_main.o)
 .bss           0x000124d8        0x0 ../Mult1_bsp/\libhal_bsp.a(alt_write.o)
 .bss           0x000124d8        0x0 ../Mult1_bsp/\libhal_bsp.a(alt_sys_init.o)
 .bss           0x000124d8        0x0 ../Mult1_bsp/\libhal_bsp.a(altera_avalon_jtag_uart_fd.o)
 .bss           0x000124d8        0x0 ../Mult1_bsp/\libhal_bsp.a(altera_avalon_jtag_uart_read.o)
 .bss           0x000124d8        0x0 ../Mult1_bsp/\libhal_bsp.a(altera_avalon_jtag_uart_write.o)
 .bss           0x000124d8        0x0 ../Mult1_bsp/\libhal_bsp.a(alt_close.o)
 .bss           0x000124d8        0x0 ../Mult1_bsp/\libhal_bsp.a(alt_dcache_flush_all.o)
 .bss           0x000124d8        0x0 ../Mult1_bsp/\libhal_bsp.a(alt_dev.o)
 .bss           0x000124d8        0x0 ../Mult1_bsp/\libhal_bsp.a(alt_dev_llist_insert.o)
 .bss           0x000124d8        0x0 ../Mult1_bsp/\libhal_bsp.a(alt_errno.o)
 .bss           0x000124d8        0x0 ../Mult1_bsp/\libhal_bsp.a(alt_icache_flush_all.o)
 .bss           0x000124d8        0x0 ../Mult1_bsp/\libhal_bsp.a(alt_io_redirect.o)
 .bss           0x000124d8        0x0 ../Mult1_bsp/\libhal_bsp.a(alt_open.o)
 .bss           0x000124d8        0x0 ../Mult1_bsp/\libhal_bsp.a(alt_release_fd.o)
 .bss           0x000124d8        0x0 ../Mult1_bsp/\libhal_bsp.a(altera_nios2_qsys_irq.o)
 .bss           0x000124d8        0x0 ../Mult1_bsp/\libhal_bsp.a(alt_find_dev.o)
 .bss           0x000124d8        0x0 ../Mult1_bsp/\libhal_bsp.a(alt_find_file.o)
 .bss           0x000124d8        0x0 ../Mult1_bsp/\libhal_bsp.a(alt_get_fd.o)
 .bss           0x000124d8        0x0 c:/altera/13.0/nios2eds/bin/gnu/h-i686-mingw32/bin/../lib/gcc/nios2-elf/4.1.2/../../../../nios2-elf/lib/mno-hw-mul\libsmallc.a(lib_a-exit.o)
 .bss           0x000124d8        0x0 c:/altera/13.0/nios2eds/bin/gnu/h-i686-mingw32/bin/../lib/gcc/nios2-elf/4.1.2/../../../../nios2-elf/lib/mno-hw-mul\libsmallc.a(lib_a-memcmp.o)
 .bss           0x000124d8        0x0 c:/altera/13.0/nios2eds/bin/gnu/h-i686-mingw32/bin/../lib/gcc/nios2-elf/4.1.2/../../../../nios2-elf/lib/mno-hw-mul\libsmallc.a(lib_a-__call_atexit.o)
 .bss           0x000124d8        0x0 ../Mult1_bsp/\libhal_bsp.a(alt_exit.o)
 *(COMMON)
                0x000124d8                . = ALIGN (0x4)
                0x000124d8                __bss_end = ABSOLUTE (.)

.RAM            0x000124d8        0x0
                0x000124d8                PROVIDE (_alt_partition_RAM_start, ABSOLUTE (.))
 *(.RAM. RAM.*)
                0x000124d8                . = ALIGN (0x4)
                0x000124d8                PROVIDE (_alt_partition_RAM_end, ABSOLUTE (.))
                0x000124d8                _end = ABSOLUTE (.)
                0x000124d8                end = ABSOLUTE (.)
                0x000124d8                __alt_stack_base = ABSOLUTE (.)
                0x000124d8                PROVIDE (_alt_partition_RAM_load_addr, LOADADDR (.RAM))

.stab
 *(.stab)

.stabstr
 *(.stabstr)

.stab.excl
 *(.stab.excl)

.stab.exclstr
 *(.stab.exclstr)

.stab.index
 *(.stab.index)

.stab.indexstr
 *(.stab.indexstr)

.comment        0x00000000       0x23
 *(.comment)
 .comment       0x00000000       0x23 obj/default/hello_world.o
                                 0x24 (size before relaxing)
 .comment       0x00000000       0x24 c:/altera/13.0/nios2eds/bin/gnu/h-i686-mingw32/bin/../lib/gcc/nios2-elf/4.1.2/../../../../nios2-elf/lib/mno-hw-mul\libsmallc.a(lib_a-printf.o)
 .comment       0x00000000       0x24 c:/altera/13.0/nios2eds/bin/gnu/h-i686-mingw32/bin/../lib/gcc/nios2-elf/4.1.2/../../../../nios2-elf/lib/mno-hw-mul\libsmallc.a(lib_a-puts.o)
 .comment       0x00000000       0x24 c:/altera/13.0/nios2eds/bin/gnu/h-i686-mingw32/bin/../lib/gcc/nios2-elf/4.1.2/../../../../nios2-elf/lib/mno-hw-mul\libsmallc.a(lib_a-strlen.o)
 .comment       0x00000000       0x24 c:/altera/13.0/nios2eds/bin/gnu/h-i686-mingw32/bin/../lib/gcc/nios2-elf/4.1.2/../../../../nios2-elf/lib/mno-hw-mul\libsmallc.a(lib_a-vfprintf.o)
 .comment       0x00000000       0x24 c:/altera/13.0/nios2eds/bin/gnu/h-i686-mingw32/bin/../lib/gcc/nios2-elf/4.1.2/../../../../nios2-elf/lib/mno-hw-mul\libsmallc.a(lib_a-fvwrite_small_dev.o)
 .comment       0x00000000       0x24 c:/altera/13.0/nios2eds/bin/gnu/h-i686-mingw32/bin/../lib/gcc/nios2-elf/4.1.2/../../../../nios2-elf/lib/mno-hw-mul\libsmallc.a(lib_a-impure.o)
 .comment       0x00000000       0x24 c:/altera/13.0/nios2eds/bin/gnu/h-i686-mingw32/bin/../lib/gcc/nios2-elf/4.1.2/../../../../nios2-elf/lib/mno-hw-mul\libsmallc.a(lib_a-writer.o)
 .comment       0x00000000       0x24 c:/altera/13.0/nios2eds/bin/gnu/h-i686-mingw32/bin/../lib/gcc/nios2-elf/4.1.2/../../../../nios2-elf/lib/mno-hw-mul\libsmallc.a(lib_a-int_errno.o)
 .comment       0x00000000       0x24 c:/altera/13.0/nios2eds/bin/gnu/h-i686-mingw32/bin/../lib/gcc/nios2-elf/4.1.2/mno-hw-mul\libgcc.a(lib2-divmod.o)
 .comment       0x00000000       0x24 c:/altera/13.0/nios2eds/bin/gnu/h-i686-mingw32/bin/../lib/gcc/nios2-elf/4.1.2/mno-hw-mul\libgcc.a(lib2-mul.o)
 .comment       0x00000000       0x24 ../Mult1_bsp/\libhal_bsp.a(alt_load.o)
 .comment       0x00000000       0x24 ../Mult1_bsp/\libhal_bsp.a(alt_main.o)
 .comment       0x00000000       0x24 ../Mult1_bsp/\libhal_bsp.a(alt_write.o)
 .comment       0x00000000       0x24 ../Mult1_bsp/\libhal_bsp.a(alt_sys_init.o)
 .comment       0x00000000       0x24 ../Mult1_bsp/\libhal_bsp.a(altera_avalon_jtag_uart_fd.o)
 .comment       0x00000000       0x24 ../Mult1_bsp/\libhal_bsp.a(altera_avalon_jtag_uart_read.o)
 .comment       0x00000000       0x24 ../Mult1_bsp/\libhal_bsp.a(altera_avalon_jtag_uart_write.o)
 .comment       0x00000000       0x24 ../Mult1_bsp/\libhal_bsp.a(alt_close.o)
 .comment       0x00000000       0x24 ../Mult1_bsp/\libhal_bsp.a(alt_dcache_flush_all.o)
 .comment       0x00000000       0x24 ../Mult1_bsp/\libhal_bsp.a(alt_dev.o)
 .comment       0x00000000       0x24 ../Mult1_bsp/\libhal_bsp.a(alt_dev_llist_insert.o)
 .comment       0x00000000       0x24 ../Mult1_bsp/\libhal_bsp.a(alt_errno.o)
 .comment       0x00000000       0x24 ../Mult1_bsp/\libhal_bsp.a(alt_icache_flush_all.o)
 .comment       0x00000000       0x24 ../Mult1_bsp/\libhal_bsp.a(alt_io_redirect.o)
 .comment       0x00000000       0x24 ../Mult1_bsp/\libhal_bsp.a(alt_open.o)
 .comment       0x00000000       0x24 ../Mult1_bsp/\libhal_bsp.a(alt_release_fd.o)
 .comment       0x00000000       0x24 ../Mult1_bsp/\libhal_bsp.a(altera_nios2_qsys_irq.o)
 .comment       0x00000000       0x24 ../Mult1_bsp/\libhal_bsp.a(alt_find_dev.o)
 .comment       0x00000000       0x24 ../Mult1_bsp/\libhal_bsp.a(alt_find_file.o)
 .comment       0x00000000       0x24 ../Mult1_bsp/\libhal_bsp.a(alt_get_fd.o)
 .comment       0x00000000       0x24 c:/altera/13.0/nios2eds/bin/gnu/h-i686-mingw32/bin/../lib/gcc/nios2-elf/4.1.2/../../../../nios2-elf/lib/mno-hw-mul\libsmallc.a(lib_a-exit.o)
 .comment       0x00000000       0x24 c:/altera/13.0/nios2eds/bin/gnu/h-i686-mingw32/bin/../lib/gcc/nios2-elf/4.1.2/../../../../nios2-elf/lib/mno-hw-mul\libsmallc.a(lib_a-memcmp.o)
 .comment       0x00000000       0x24 c:/altera/13.0/nios2eds/bin/gnu/h-i686-mingw32/bin/../lib/gcc/nios2-elf/4.1.2/../../../../nios2-elf/lib/mno-hw-mul\libsmallc.a(lib_a-__call_atexit.o)
 .comment       0x00000000       0x24 ../Mult1_bsp/\libhal_bsp.a(alt_exit.o)

.debug
 *(.debug)

.line
 *(.line)

.debug_srcinfo
 *(.debug_srcinfo)

.debug_sfnames
 *(.debug_sfnames)

.debug_aranges  0x00000000      0x428
 *(.debug_aranges)
 .debug_aranges
                0x00000000       0x28 ../Mult1_bsp//obj/HAL/src/crt0.o
 .debug_aranges
                0x00000028       0x20 obj/default/hello_world.o
 .debug_aranges
                0x00000048       0x20 c:/altera/13.0/nios2eds/bin/gnu/h-i686-mingw32/bin/../lib/gcc/nios2-elf/4.1.2/../../../../nios2-elf/lib/mno-hw-mul\libsmallc.a(lib_a-printf.o)
 .debug_aranges
                0x00000068       0x20 c:/altera/13.0/nios2eds/bin/gnu/h-i686-mingw32/bin/../lib/gcc/nios2-elf/4.1.2/../../../../nios2-elf/lib/mno-hw-mul\libsmallc.a(lib_a-puts.o)
 .debug_aranges
                0x00000088       0x20 c:/altera/13.0/nios2eds/bin/gnu/h-i686-mingw32/bin/../lib/gcc/nios2-elf/4.1.2/../../../../nios2-elf/lib/mno-hw-mul\libsmallc.a(lib_a-strlen.o)
 .debug_aranges
                0x000000a8       0x20 c:/altera/13.0/nios2eds/bin/gnu/h-i686-mingw32/bin/../lib/gcc/nios2-elf/4.1.2/../../../../nios2-elf/lib/mno-hw-mul\libsmallc.a(lib_a-vfprintf.o)
 .debug_aranges
                0x000000c8       0x20 c:/altera/13.0/nios2eds/bin/gnu/h-i686-mingw32/bin/../lib/gcc/nios2-elf/4.1.2/../../../../nios2-elf/lib/mno-hw-mul\libsmallc.a(lib_a-fvwrite_small_dev.o)
 .debug_aranges
                0x000000e8       0x20 c:/altera/13.0/nios2eds/bin/gnu/h-i686-mingw32/bin/../lib/gcc/nios2-elf/4.1.2/../../../../nios2-elf/lib/mno-hw-mul\libsmallc.a(lib_a-writer.o)
 .debug_aranges
                0x00000108       0x20 c:/altera/13.0/nios2eds/bin/gnu/h-i686-mingw32/bin/../lib/gcc/nios2-elf/4.1.2/mno-hw-mul\libgcc.a(lib2-divmod.o)
 .debug_aranges
                0x00000128       0x20 c:/altera/13.0/nios2eds/bin/gnu/h-i686-mingw32/bin/../lib/gcc/nios2-elf/4.1.2/mno-hw-mul\libgcc.a(lib2-mul.o)
 .debug_aranges
                0x00000148       0x20 ../Mult1_bsp/\libhal_bsp.a(alt_load.o)
 .debug_aranges
                0x00000168       0x20 ../Mult1_bsp/\libhal_bsp.a(alt_main.o)
 .debug_aranges
                0x00000188       0x20 ../Mult1_bsp/\libhal_bsp.a(alt_write.o)
 .debug_aranges
                0x000001a8       0x20 ../Mult1_bsp/\libhal_bsp.a(alt_sys_init.o)
 .debug_aranges
                0x000001c8       0x20 ../Mult1_bsp/\libhal_bsp.a(altera_avalon_jtag_uart_fd.o)
 .debug_aranges
                0x000001e8       0x20 ../Mult1_bsp/\libhal_bsp.a(altera_avalon_jtag_uart_read.o)
 .debug_aranges
                0x00000208       0x20 ../Mult1_bsp/\libhal_bsp.a(altera_avalon_jtag_uart_write.o)
 .debug_aranges
                0x00000228       0x20 ../Mult1_bsp/\libhal_bsp.a(alt_close.o)
 .debug_aranges
                0x00000248       0x20 ../Mult1_bsp/\libhal_bsp.a(alt_dcache_flush_all.o)
 .debug_aranges
                0x00000268       0x20 ../Mult1_bsp/\libhal_bsp.a(alt_dev.o)
 .debug_aranges
                0x00000288       0x20 ../Mult1_bsp/\libhal_bsp.a(alt_dev_llist_insert.o)
 .debug_aranges
                0x000002a8       0x20 ../Mult1_bsp/\libhal_bsp.a(alt_icache_flush_all.o)
 .debug_aranges
                0x000002c8       0x20 ../Mult1_bsp/\libhal_bsp.a(alt_io_redirect.o)
 .debug_aranges
                0x000002e8       0x20 ../Mult1_bsp/\libhal_bsp.a(alt_open.o)
 .debug_aranges
                0x00000308       0x20 ../Mult1_bsp/\libhal_bsp.a(alt_release_fd.o)
 .debug_aranges
                0x00000328       0x20 ../Mult1_bsp/\libhal_bsp.a(altera_nios2_qsys_irq.o)
 .debug_aranges
                0x00000348       0x20 ../Mult1_bsp/\libhal_bsp.a(alt_find_dev.o)
 .debug_aranges
                0x00000368       0x20 ../Mult1_bsp/\libhal_bsp.a(alt_find_file.o)
 .debug_aranges
                0x00000388       0x20 ../Mult1_bsp/\libhal_bsp.a(alt_get_fd.o)
 .debug_aranges
                0x000003a8       0x20 c:/altera/13.0/nios2eds/bin/gnu/h-i686-mingw32/bin/../lib/gcc/nios2-elf/4.1.2/../../../../nios2-elf/lib/mno-hw-mul\libsmallc.a(lib_a-exit.o)
 .debug_aranges
                0x000003c8       0x20 c:/altera/13.0/nios2eds/bin/gnu/h-i686-mingw32/bin/../lib/gcc/nios2-elf/4.1.2/../../../../nios2-elf/lib/mno-hw-mul\libsmallc.a(lib_a-memcmp.o)
 .debug_aranges
                0x000003e8       0x20 c:/altera/13.0/nios2eds/bin/gnu/h-i686-mingw32/bin/../lib/gcc/nios2-elf/4.1.2/../../../../nios2-elf/lib/mno-hw-mul\libsmallc.a(lib_a-__call_atexit.o)
 .debug_aranges
                0x00000408       0x20 ../Mult1_bsp/\libhal_bsp.a(alt_exit.o)

.debug_pubnames
                0x00000000      0x5e6
 *(.debug_pubnames)
 .debug_pubnames
                0x00000000       0x1b obj/default/hello_world.o
 .debug_pubnames
                0x0000001b       0x2b c:/altera/13.0/nios2eds/bin/gnu/h-i686-mingw32/bin/../lib/gcc/nios2-elf/4.1.2/../../../../nios2-elf/lib/mno-hw-mul\libsmallc.a(lib_a-printf.o)
 .debug_pubnames
                0x00000046       0x27 c:/altera/13.0/nios2eds/bin/gnu/h-i686-mingw32/bin/../lib/gcc/nios2-elf/4.1.2/../../../../nios2-elf/lib/mno-hw-mul\libsmallc.a(lib_a-puts.o)
 .debug_pubnames
                0x0000006d       0x1d c:/altera/13.0/nios2eds/bin/gnu/h-i686-mingw32/bin/../lib/gcc/nios2-elf/4.1.2/../../../../nios2-elf/lib/mno-hw-mul\libsmallc.a(lib_a-strlen.o)
 .debug_pubnames
                0x0000008a       0x45 c:/altera/13.0/nios2eds/bin/gnu/h-i686-mingw32/bin/../lib/gcc/nios2-elf/4.1.2/../../../../nios2-elf/lib/mno-hw-mul\libsmallc.a(lib_a-vfprintf.o)
 .debug_pubnames
                0x000000cf       0x2b c:/altera/13.0/nios2eds/bin/gnu/h-i686-mingw32/bin/../lib/gcc/nios2-elf/4.1.2/../../../../nios2-elf/lib/mno-hw-mul\libsmallc.a(lib_a-fvwrite_small_dev.o)
 .debug_pubnames
                0x000000fa       0x39 c:/altera/13.0/nios2eds/bin/gnu/h-i686-mingw32/bin/../lib/gcc/nios2-elf/4.1.2/../../../../nios2-elf/lib/mno-hw-mul\libsmallc.a(lib_a-impure.o)
 .debug_pubnames
                0x00000133       0x1f c:/altera/13.0/nios2eds/bin/gnu/h-i686-mingw32/bin/../lib/gcc/nios2-elf/4.1.2/../../../../nios2-elf/lib/mno-hw-mul\libsmallc.a(lib_a-writer.o)
 .debug_pubnames
                0x00000152       0x1c c:/altera/13.0/nios2eds/bin/gnu/h-i686-mingw32/bin/../lib/gcc/nios2-elf/4.1.2/../../../../nios2-elf/lib/mno-hw-mul\libsmallc.a(lib_a-int_errno.o)
 .debug_pubnames
                0x0000016e       0x48 c:/altera/13.0/nios2eds/bin/gnu/h-i686-mingw32/bin/../lib/gcc/nios2-elf/4.1.2/mno-hw-mul\libgcc.a(lib2-divmod.o)
 .debug_pubnames
                0x000001b6       0x1f c:/altera/13.0/nios2eds/bin/gnu/h-i686-mingw32/bin/../lib/gcc/nios2-elf/4.1.2/mno-hw-mul\libgcc.a(lib2-mul.o)
 .debug_pubnames
                0x000001d5       0x1f ../Mult1_bsp/\libhal_bsp.a(alt_load.o)
 .debug_pubnames
                0x000001f4       0x46 ../Mult1_bsp/\libhal_bsp.a(alt_main.o)
 .debug_pubnames
                0x0000023a       0x1c ../Mult1_bsp/\libhal_bsp.a(alt_write.o)
 .debug_pubnames
                0x00000256       0x34 ../Mult1_bsp/\libhal_bsp.a(alt_sys_init.o)
 .debug_pubnames
                0x0000028a       0x5b ../Mult1_bsp/\libhal_bsp.a(altera_avalon_jtag_uart_fd.o)
 .debug_pubnames
                0x000002e5       0x33 ../Mult1_bsp/\libhal_bsp.a(altera_avalon_jtag_uart_read.o)
 .debug_pubnames
                0x00000318       0x34 ../Mult1_bsp/\libhal_bsp.a(altera_avalon_jtag_uart_write.o)
 .debug_pubnames
                0x0000034c       0x1c ../Mult1_bsp/\libhal_bsp.a(alt_close.o)
 .debug_pubnames
                0x00000368       0x2b ../Mult1_bsp/\libhal_bsp.a(alt_dcache_flush_all.o)
 .debug_pubnames
                0x00000393       0x63 ../Mult1_bsp/\libhal_bsp.a(alt_dev.o)
 .debug_pubnames
                0x000003f6       0x2b ../Mult1_bsp/\libhal_bsp.a(alt_dev_llist_insert.o)
 .debug_pubnames
                0x00000421       0x20 ../Mult1_bsp/\libhal_bsp.a(alt_errno.o)
 .debug_pubnames
                0x00000441       0x2b ../Mult1_bsp/\libhal_bsp.a(alt_icache_flush_all.o)
 .debug_pubnames
                0x0000046c       0x26 ../Mult1_bsp/\libhal_bsp.a(alt_io_redirect.o)
 .debug_pubnames
                0x00000492       0x1b ../Mult1_bsp/\libhal_bsp.a(alt_open.o)
 .debug_pubnames
                0x000004ad       0x25 ../Mult1_bsp/\libhal_bsp.a(alt_release_fd.o)
 .debug_pubnames
                0x000004d2       0x31 ../Mult1_bsp/\libhal_bsp.a(altera_nios2_qsys_irq.o)
 .debug_pubnames
                0x00000503       0x23 ../Mult1_bsp/\libhal_bsp.a(alt_find_dev.o)
 .debug_pubnames
                0x00000526       0x24 ../Mult1_bsp/\libhal_bsp.a(alt_find_file.o)
 .debug_pubnames
                0x0000054a       0x21 ../Mult1_bsp/\libhal_bsp.a(alt_get_fd.o)
 .debug_pubnames
                0x0000056b       0x1b c:/altera/13.0/nios2eds/bin/gnu/h-i686-mingw32/bin/../lib/gcc/nios2-elf/4.1.2/../../../../nios2-elf/lib/mno-hw-mul\libsmallc.a(lib_a-exit.o)
 .debug_pubnames
                0x00000586       0x1d c:/altera/13.0/nios2eds/bin/gnu/h-i686-mingw32/bin/../lib/gcc/nios2-elf/4.1.2/../../../../nios2-elf/lib/mno-hw-mul\libsmallc.a(lib_a-memcmp.o)
 .debug_pubnames
                0x000005a3       0x27 c:/altera/13.0/nios2eds/bin/gnu/h-i686-mingw32/bin/../lib/gcc/nios2-elf/4.1.2/../../../../nios2-elf/lib/mno-hw-mul\libsmallc.a(lib_a-__call_atexit.o)
 .debug_pubnames
                0x000005ca       0x1c ../Mult1_bsp/\libhal_bsp.a(alt_exit.o)

.debug_info     0x00000000     0x8290
 *(.debug_info .gnu.linkonce.wi.*)
 .debug_info    0x00000000       0x5a ../Mult1_bsp//obj/HAL/src/crt0.o
 .debug_info    0x0000005a       0x8d obj/default/hello_world.o
 .debug_info    0x000000e7      0x6c8 c:/altera/13.0/nios2eds/bin/gnu/h-i686-mingw32/bin/../lib/gcc/nios2-elf/4.1.2/../../../../nios2-elf/lib/mno-hw-mul\libsmallc.a(lib_a-printf.o)
 .debug_info    0x000007af      0x685 c:/altera/13.0/nios2eds/bin/gnu/h-i686-mingw32/bin/../lib/gcc/nios2-elf/4.1.2/../../../../nios2-elf/lib/mno-hw-mul\libsmallc.a(lib_a-puts.o)
 .debug_info    0x00000e34       0xc2 c:/altera/13.0/nios2eds/bin/gnu/h-i686-mingw32/bin/../lib/gcc/nios2-elf/4.1.2/../../../../nios2-elf/lib/mno-hw-mul\libsmallc.a(lib_a-strlen.o)
 .debug_info    0x00000ef6      0x9b6 c:/altera/13.0/nios2eds/bin/gnu/h-i686-mingw32/bin/../lib/gcc/nios2-elf/4.1.2/../../../../nios2-elf/lib/mno-hw-mul\libsmallc.a(lib_a-vfprintf.o)
 .debug_info    0x000018ac      0x68e c:/altera/13.0/nios2eds/bin/gnu/h-i686-mingw32/bin/../lib/gcc/nios2-elf/4.1.2/../../../../nios2-elf/lib/mno-hw-mul\libsmallc.a(lib_a-fvwrite_small_dev.o)
 .debug_info    0x00001f3a      0x636 c:/altera/13.0/nios2eds/bin/gnu/h-i686-mingw32/bin/../lib/gcc/nios2-elf/4.1.2/../../../../nios2-elf/lib/mno-hw-mul\libsmallc.a(lib_a-impure.o)
 .debug_info    0x00002570      0x68c c:/altera/13.0/nios2eds/bin/gnu/h-i686-mingw32/bin/../lib/gcc/nios2-elf/4.1.2/../../../../nios2-elf/lib/mno-hw-mul\libsmallc.a(lib_a-writer.o)
 .debug_info    0x00002bfc       0x8c c:/altera/13.0/nios2eds/bin/gnu/h-i686-mingw32/bin/../lib/gcc/nios2-elf/4.1.2/../../../../nios2-elf/lib/mno-hw-mul\libsmallc.a(lib_a-int_errno.o)
 .debug_info    0x00002c88      0x21c c:/altera/13.0/nios2eds/bin/gnu/h-i686-mingw32/bin/../lib/gcc/nios2-elf/4.1.2/mno-hw-mul\libgcc.a(lib2-divmod.o)
 .debug_info    0x00002ea4       0xf3 c:/altera/13.0/nios2eds/bin/gnu/h-i686-mingw32/bin/../lib/gcc/nios2-elf/4.1.2/mno-hw-mul\libgcc.a(lib2-mul.o)
 .debug_info    0x00002f97      0x26c ../Mult1_bsp/\libhal_bsp.a(alt_load.o)
 .debug_info    0x00003203      0x204 ../Mult1_bsp/\libhal_bsp.a(alt_main.o)
 .debug_info    0x00003407      0x672 ../Mult1_bsp/\libhal_bsp.a(alt_write.o)
 .debug_info    0x00003a79      0x551 ../Mult1_bsp/\libhal_bsp.a(alt_sys_init.o)
 .debug_info    0x00003fca      0x598 ../Mult1_bsp/\libhal_bsp.a(altera_avalon_jtag_uart_fd.o)
 .debug_info    0x00004562      0x2e8 ../Mult1_bsp/\libhal_bsp.a(altera_avalon_jtag_uart_read.o)
 .debug_info    0x0000484a      0x2c5 ../Mult1_bsp/\libhal_bsp.a(altera_avalon_jtag_uart_write.o)
 .debug_info    0x00004b0f      0x446 ../Mult1_bsp/\libhal_bsp.a(alt_close.o)
 .debug_info    0x00004f55      0x13b ../Mult1_bsp/\libhal_bsp.a(alt_dcache_flush_all.o)
 .debug_info    0x00005090      0x65e ../Mult1_bsp/\libhal_bsp.a(alt_dev.o)
 .debug_info    0x000056ee      0x296 ../Mult1_bsp/\libhal_bsp.a(alt_dev_llist_insert.o)
 .debug_info    0x00005984      0x143 ../Mult1_bsp/\libhal_bsp.a(alt_errno.o)
 .debug_info    0x00005ac7      0x13b ../Mult1_bsp/\libhal_bsp.a(alt_icache_flush_all.o)
 .debug_info    0x00005c02      0x674 ../Mult1_bsp/\libhal_bsp.a(alt_io_redirect.o)
 .debug_info    0x00006276      0x504 ../Mult1_bsp/\libhal_bsp.a(alt_open.o)
 .debug_info    0x0000677a      0x3d1 ../Mult1_bsp/\libhal_bsp.a(alt_release_fd.o)
 .debug_info    0x00006b4b      0x142 ../Mult1_bsp/\libhal_bsp.a(altera_nios2_qsys_irq.o)
 .debug_info    0x00006c8d      0x3f7 ../Mult1_bsp/\libhal_bsp.a(alt_find_dev.o)
 .debug_info    0x00007084      0x3fe ../Mult1_bsp/\libhal_bsp.a(alt_find_file.o)
 .debug_info    0x00007482      0x43f ../Mult1_bsp/\libhal_bsp.a(alt_get_fd.o)
 .debug_info    0x000078c1       0x9f c:/altera/13.0/nios2eds/bin/gnu/h-i686-mingw32/bin/../lib/gcc/nios2-elf/4.1.2/../../../../nios2-elf/lib/mno-hw-mul\libsmallc.a(lib_a-exit.o)
 .debug_info    0x00007960       0xef c:/altera/13.0/nios2eds/bin/gnu/h-i686-mingw32/bin/../lib/gcc/nios2-elf/4.1.2/../../../../nios2-elf/lib/mno-hw-mul\libsmallc.a(lib_a-memcmp.o)
 .debug_info    0x00007a4f      0x6d5 c:/altera/13.0/nios2eds/bin/gnu/h-i686-mingw32/bin/../lib/gcc/nios2-elf/4.1.2/../../../../nios2-elf/lib/mno-hw-mul\libsmallc.a(lib_a-__call_atexit.o)
 .debug_info    0x00008124      0x16c ../Mult1_bsp/\libhal_bsp.a(alt_exit.o)

.debug_abbrev   0x00000000     0x1dad
 *(.debug_abbrev)
 .debug_abbrev  0x00000000       0x12 ../Mult1_bsp//obj/HAL/src/crt0.o
 .debug_abbrev  0x00000012       0x45 obj/default/hello_world.o
 .debug_abbrev  0x00000057      0x179 c:/altera/13.0/nios2eds/bin/gnu/h-i686-mingw32/bin/../lib/gcc/nios2-elf/4.1.2/../../../../nios2-elf/lib/mno-hw-mul\libsmallc.a(lib_a-printf.o)
 .debug_abbrev  0x000001d0      0x180 c:/altera/13.0/nios2eds/bin/gnu/h-i686-mingw32/bin/../lib/gcc/nios2-elf/4.1.2/../../../../nios2-elf/lib/mno-hw-mul\libsmallc.a(lib_a-puts.o)
 .debug_abbrev  0x00000350       0x7a c:/altera/13.0/nios2eds/bin/gnu/h-i686-mingw32/bin/../lib/gcc/nios2-elf/4.1.2/../../../../nios2-elf/lib/mno-hw-mul\libsmallc.a(lib_a-strlen.o)
 .debug_abbrev  0x000003ca      0x263 c:/altera/13.0/nios2eds/bin/gnu/h-i686-mingw32/bin/../lib/gcc/nios2-elf/4.1.2/../../../../nios2-elf/lib/mno-hw-mul\libsmallc.a(lib_a-vfprintf.o)
 .debug_abbrev  0x0000062d      0x179 c:/altera/13.0/nios2eds/bin/gnu/h-i686-mingw32/bin/../lib/gcc/nios2-elf/4.1.2/../../../../nios2-elf/lib/mno-hw-mul\libsmallc.a(lib_a-fvwrite_small_dev.o)
 .debug_abbrev  0x000007a6      0x13f c:/altera/13.0/nios2eds/bin/gnu/h-i686-mingw32/bin/../lib/gcc/nios2-elf/4.1.2/../../../../nios2-elf/lib/mno-hw-mul\libsmallc.a(lib_a-impure.o)
 .debug_abbrev  0x000008e5      0x16c c:/altera/13.0/nios2eds/bin/gnu/h-i686-mingw32/bin/../lib/gcc/nios2-elf/4.1.2/../../../../nios2-elf/lib/mno-hw-mul\libsmallc.a(lib_a-writer.o)
 .debug_abbrev  0x00000a51       0x3b c:/altera/13.0/nios2eds/bin/gnu/h-i686-mingw32/bin/../lib/gcc/nios2-elf/4.1.2/../../../../nios2-elf/lib/mno-hw-mul\libsmallc.a(lib_a-int_errno.o)
 .debug_abbrev  0x00000a8c       0xe0 c:/altera/13.0/nios2eds/bin/gnu/h-i686-mingw32/bin/../lib/gcc/nios2-elf/4.1.2/mno-hw-mul\libgcc.a(lib2-divmod.o)
 .debug_abbrev  0x00000b6c       0x7b c:/altera/13.0/nios2eds/bin/gnu/h-i686-mingw32/bin/../lib/gcc/nios2-elf/4.1.2/mno-hw-mul\libgcc.a(lib2-mul.o)
 .debug_abbrev  0x00000be7       0x88 ../Mult1_bsp/\libhal_bsp.a(alt_load.o)
 .debug_abbrev  0x00000c6f       0xb7 ../Mult1_bsp/\libhal_bsp.a(alt_main.o)
 .debug_abbrev  0x00000d26      0x100 ../Mult1_bsp/\libhal_bsp.a(alt_write.o)
 .debug_abbrev  0x00000e26      0x121 ../Mult1_bsp/\libhal_bsp.a(alt_sys_init.o)
 .debug_abbrev  0x00000f47       0xcb ../Mult1_bsp/\libhal_bsp.a(altera_avalon_jtag_uart_fd.o)
 .debug_abbrev  0x00001012       0xb6 ../Mult1_bsp/\libhal_bsp.a(altera_avalon_jtag_uart_read.o)
 .debug_abbrev  0x000010c8       0xb4 ../Mult1_bsp/\libhal_bsp.a(altera_avalon_jtag_uart_write.o)
 .debug_abbrev  0x0000117c       0xfb ../Mult1_bsp/\libhal_bsp.a(alt_close.o)
 .debug_abbrev  0x00001277       0x3f ../Mult1_bsp/\libhal_bsp.a(alt_dcache_flush_all.o)
 .debug_abbrev  0x000012b6       0xc7 ../Mult1_bsp/\libhal_bsp.a(alt_dev.o)
 .debug_abbrev  0x0000137d       0xf6 ../Mult1_bsp/\libhal_bsp.a(alt_dev_llist_insert.o)
 .debug_abbrev  0x00001473       0x5e ../Mult1_bsp/\libhal_bsp.a(alt_errno.o)
 .debug_abbrev  0x000014d1       0x3f ../Mult1_bsp/\libhal_bsp.a(alt_icache_flush_all.o)
 .debug_abbrev  0x00001510       0xf0 ../Mult1_bsp/\libhal_bsp.a(alt_io_redirect.o)
 .debug_abbrev  0x00001600      0x112 ../Mult1_bsp/\libhal_bsp.a(alt_open.o)
 .debug_abbrev  0x00001712       0xc1 ../Mult1_bsp/\libhal_bsp.a(alt_release_fd.o)
 .debug_abbrev  0x000017d3       0x3f ../Mult1_bsp/\libhal_bsp.a(altera_nios2_qsys_irq.o)
 .debug_abbrev  0x00001812       0xcf ../Mult1_bsp/\libhal_bsp.a(alt_find_dev.o)
 .debug_abbrev  0x000018e1       0xcf ../Mult1_bsp/\libhal_bsp.a(alt_find_file.o)
 .debug_abbrev  0x000019b0       0xfb ../Mult1_bsp/\libhal_bsp.a(alt_get_fd.o)
 .debug_abbrev  0x00001aab       0x4e c:/altera/13.0/nios2eds/bin/gnu/h-i686-mingw32/bin/../lib/gcc/nios2-elf/4.1.2/../../../../nios2-elf/lib/mno-hw-mul\libsmallc.a(lib_a-exit.o)
 .debug_abbrev  0x00001af9       0x7c c:/altera/13.0/nios2eds/bin/gnu/h-i686-mingw32/bin/../lib/gcc/nios2-elf/4.1.2/../../../../nios2-elf/lib/mno-hw-mul\libsmallc.a(lib_a-memcmp.o)
 .debug_abbrev  0x00001b75      0x1c6 c:/altera/13.0/nios2eds/bin/gnu/h-i686-mingw32/bin/../lib/gcc/nios2-elf/4.1.2/../../../../nios2-elf/lib/mno-hw-mul\libsmallc.a(lib_a-__call_atexit.o)
 .debug_abbrev  0x00001d3b       0x72 ../Mult1_bsp/\libhal_bsp.a(alt_exit.o)

.debug_line     0x00000000     0x53e2
 *(.debug_line)
 .debug_line    0x00000000       0x66 ../Mult1_bsp//obj/HAL/src/crt0.o
 .debug_line    0x00000066       0xba obj/default/hello_world.o
 .debug_line    0x00000120      0x2b8 c:/altera/13.0/nios2eds/bin/gnu/h-i686-mingw32/bin/../lib/gcc/nios2-elf/4.1.2/../../../../nios2-elf/lib/mno-hw-mul\libsmallc.a(lib_a-printf.o)
 .debug_line    0x000003d8      0x2ac c:/altera/13.0/nios2eds/bin/gnu/h-i686-mingw32/bin/../lib/gcc/nios2-elf/4.1.2/../../../../nios2-elf/lib/mno-hw-mul\libsmallc.a(lib_a-puts.o)
 .debug_line    0x00000684      0x247 c:/altera/13.0/nios2eds/bin/gnu/h-i686-mingw32/bin/../lib/gcc/nios2-elf/4.1.2/../../../../nios2-elf/lib/mno-hw-mul\libsmallc.a(lib_a-strlen.o)
 .debug_line    0x000008cb      0x660 c:/altera/13.0/nios2eds/bin/gnu/h-i686-mingw32/bin/../lib/gcc/nios2-elf/4.1.2/../../../../nios2-elf/lib/mno-hw-mul\libsmallc.a(lib_a-vfprintf.o)
 .debug_line    0x00000f2b      0x2a3 c:/altera/13.0/nios2eds/bin/gnu/h-i686-mingw32/bin/../lib/gcc/nios2-elf/4.1.2/../../../../nios2-elf/lib/mno-hw-mul\libsmallc.a(lib_a-fvwrite_small_dev.o)
 .debug_line    0x000011ce      0x227 c:/altera/13.0/nios2eds/bin/gnu/h-i686-mingw32/bin/../lib/gcc/nios2-elf/4.1.2/../../../../nios2-elf/lib/mno-hw-mul\libsmallc.a(lib_a-impure.o)
 .debug_line    0x000013f5      0x294 c:/altera/13.0/nios2eds/bin/gnu/h-i686-mingw32/bin/../lib/gcc/nios2-elf/4.1.2/../../../../nios2-elf/lib/mno-hw-mul\libsmallc.a(lib_a-writer.o)
 .debug_line    0x00001689      0x1dc c:/altera/13.0/nios2eds/bin/gnu/h-i686-mingw32/bin/../lib/gcc/nios2-elf/4.1.2/../../../../nios2-elf/lib/mno-hw-mul\libsmallc.a(lib_a-int_errno.o)
 .debug_line    0x00001865      0x24f c:/altera/13.0/nios2eds/bin/gnu/h-i686-mingw32/bin/../lib/gcc/nios2-elf/4.1.2/mno-hw-mul\libgcc.a(lib2-divmod.o)
 .debug_line    0x00001ab4      0x11a c:/altera/13.0/nios2eds/bin/gnu/h-i686-mingw32/bin/../lib/gcc/nios2-elf/4.1.2/mno-hw-mul\libgcc.a(lib2-mul.o)
 .debug_line    0x00001bce      0x211 ../Mult1_bsp/\libhal_bsp.a(alt_load.o)
 .debug_line    0x00001ddf      0x2b4 ../Mult1_bsp/\libhal_bsp.a(alt_main.o)
 .debug_line    0x00002093      0x2c3 ../Mult1_bsp/\libhal_bsp.a(alt_write.o)
 .debug_line    0x00002356      0x2a0 ../Mult1_bsp/\libhal_bsp.a(alt_sys_init.o)
 .debug_line    0x000025f6      0x1d4 ../Mult1_bsp/\libhal_bsp.a(altera_avalon_jtag_uart_fd.o)
 .debug_line    0x000027ca      0x33d ../Mult1_bsp/\libhal_bsp.a(altera_avalon_jtag_uart_read.o)
 .debug_line    0x00002b07      0x2fe ../Mult1_bsp/\libhal_bsp.a(altera_avalon_jtag_uart_write.o)
 .debug_line    0x00002e05      0x293 ../Mult1_bsp/\libhal_bsp.a(alt_close.o)
 .debug_line    0x00003098      0x1af ../Mult1_bsp/\libhal_bsp.a(alt_dcache_flush_all.o)
 .debug_line    0x00003247      0x24e ../Mult1_bsp/\libhal_bsp.a(alt_dev.o)
 .debug_line    0x00003495      0x254 ../Mult1_bsp/\libhal_bsp.a(alt_dev_llist_insert.o)
 .debug_line    0x000036e9      0x1a4 ../Mult1_bsp/\libhal_bsp.a(alt_errno.o)
 .debug_line    0x0000388d      0x1af ../Mult1_bsp/\libhal_bsp.a(alt_icache_flush_all.o)
 .debug_line    0x00003a3c      0x2ae ../Mult1_bsp/\libhal_bsp.a(alt_io_redirect.o)
 .debug_line    0x00003cea      0x2f9 ../Mult1_bsp/\libhal_bsp.a(alt_open.o)
 .debug_line    0x00003fe3       0xed ../Mult1_bsp/\libhal_bsp.a(alt_release_fd.o)
 .debug_line    0x000040d0      0x1c8 ../Mult1_bsp/\libhal_bsp.a(altera_nios2_qsys_irq.o)
 .debug_line    0x00004298      0x265 ../Mult1_bsp/\libhal_bsp.a(alt_find_dev.o)
 .debug_line    0x000044fd      0x276 ../Mult1_bsp/\libhal_bsp.a(alt_find_file.o)
 .debug_line    0x00004773      0x291 ../Mult1_bsp/\libhal_bsp.a(alt_get_fd.o)
 .debug_line    0x00004a04      0x21d c:/altera/13.0/nios2eds/bin/gnu/h-i686-mingw32/bin/../lib/gcc/nios2-elf/4.1.2/../../../../nios2-elf/lib/mno-hw-mul\libsmallc.a(lib_a-exit.o)
 .debug_line    0x00004c21      0x267 c:/altera/13.0/nios2eds/bin/gnu/h-i686-mingw32/bin/../lib/gcc/nios2-elf/4.1.2/../../../../nios2-elf/lib/mno-hw-mul\libsmallc.a(lib_a-memcmp.o)
 .debug_line    0x00004e88      0x35a c:/altera/13.0/nios2eds/bin/gnu/h-i686-mingw32/bin/../lib/gcc/nios2-elf/4.1.2/../../../../nios2-elf/lib/mno-hw-mul\libsmallc.a(lib_a-__call_atexit.o)
 .debug_line    0x000051e2      0x200 ../Mult1_bsp/\libhal_bsp.a(alt_exit.o)

.debug_frame    0x00000000      0x764
 *(.debug_frame)
 .debug_frame   0x00000000       0x2c obj/default/hello_world.o
 .debug_frame   0x0000002c       0x40 c:/altera/13.0/nios2eds/bin/gnu/h-i686-mingw32/bin/../lib/gcc/nios2-elf/4.1.2/../../../../nios2-elf/lib/mno-hw-mul\libsmallc.a(lib_a-printf.o)
 .debug_frame   0x0000006c       0x3c c:/altera/13.0/nios2eds/bin/gnu/h-i686-mingw32/bin/../lib/gcc/nios2-elf/4.1.2/../../../../nios2-elf/lib/mno-hw-mul\libsmallc.a(lib_a-puts.o)
 .debug_frame   0x000000a8       0x20 c:/altera/13.0/nios2eds/bin/gnu/h-i686-mingw32/bin/../lib/gcc/nios2-elf/4.1.2/../../../../nios2-elf/lib/mno-hw-mul\libsmallc.a(lib_a-strlen.o)
 .debug_frame   0x000000c8       0x64 c:/altera/13.0/nios2eds/bin/gnu/h-i686-mingw32/bin/../lib/gcc/nios2-elf/4.1.2/../../../../nios2-elf/lib/mno-hw-mul\libsmallc.a(lib_a-vfprintf.o)
 .debug_frame   0x0000012c       0x30 c:/altera/13.0/nios2eds/bin/gnu/h-i686-mingw32/bin/../lib/gcc/nios2-elf/4.1.2/../../../../nios2-elf/lib/mno-hw-mul\libsmallc.a(lib_a-fvwrite_small_dev.o)
 .debug_frame   0x0000015c       0x2c c:/altera/13.0/nios2eds/bin/gnu/h-i686-mingw32/bin/../lib/gcc/nios2-elf/4.1.2/../../../../nios2-elf/lib/mno-hw-mul\libsmallc.a(lib_a-writer.o)
 .debug_frame   0x00000188       0x70 c:/altera/13.0/nios2eds/bin/gnu/h-i686-mingw32/bin/../lib/gcc/nios2-elf/4.1.2/mno-hw-mul\libgcc.a(lib2-divmod.o)
 .debug_frame   0x000001f8       0x20 c:/altera/13.0/nios2eds/bin/gnu/h-i686-mingw32/bin/../lib/gcc/nios2-elf/4.1.2/mno-hw-mul\libgcc.a(lib2-mul.o)
 .debug_frame   0x00000218       0x48 ../Mult1_bsp/\libhal_bsp.a(alt_load.o)
 .debug_frame   0x00000260       0x2c ../Mult1_bsp/\libhal_bsp.a(alt_main.o)
 .debug_frame   0x0000028c       0x48 ../Mult1_bsp/\libhal_bsp.a(alt_write.o)
 .debug_frame   0x000002d4       0x64 ../Mult1_bsp/\libhal_bsp.a(alt_sys_init.o)
 .debug_frame   0x00000338       0x48 ../Mult1_bsp/\libhal_bsp.a(altera_avalon_jtag_uart_fd.o)
 .debug_frame   0x00000380       0x2c ../Mult1_bsp/\libhal_bsp.a(altera_avalon_jtag_uart_read.o)
 .debug_frame   0x000003ac       0x2c ../Mult1_bsp/\libhal_bsp.a(altera_avalon_jtag_uart_write.o)
 .debug_frame   0x000003d8       0x48 ../Mult1_bsp/\libhal_bsp.a(alt_close.o)
 .debug_frame   0x00000420       0x2c ../Mult1_bsp/\libhal_bsp.a(alt_dcache_flush_all.o)
 .debug_frame   0x0000044c       0x2c ../Mult1_bsp/\libhal_bsp.a(alt_dev.o)
 .debug_frame   0x00000478       0x48 ../Mult1_bsp/\libhal_bsp.a(alt_dev_llist_insert.o)
 .debug_frame   0x000004c0       0x2c ../Mult1_bsp/\libhal_bsp.a(alt_icache_flush_all.o)
 .debug_frame   0x000004ec       0x4c ../Mult1_bsp/\libhal_bsp.a(alt_io_redirect.o)
 .debug_frame   0x00000538       0x68 ../Mult1_bsp/\libhal_bsp.a(alt_open.o)
 .debug_frame   0x000005a0       0x30 ../Mult1_bsp/\libhal_bsp.a(alt_release_fd.o)
 .debug_frame   0x000005d0       0x2c ../Mult1_bsp/\libhal_bsp.a(altera_nios2_qsys_irq.o)
 .debug_frame   0x000005fc       0x2c ../Mult1_bsp/\libhal_bsp.a(alt_find_dev.o)
 .debug_frame   0x00000628       0x2c ../Mult1_bsp/\libhal_bsp.a(alt_find_file.o)
 .debug_frame   0x00000654       0x30 ../Mult1_bsp/\libhal_bsp.a(alt_get_fd.o)
 .debug_frame   0x00000684       0x2c c:/altera/13.0/nios2eds/bin/gnu/h-i686-mingw32/bin/../lib/gcc/nios2-elf/4.1.2/../../../../nios2-elf/lib/mno-hw-mul\libsmallc.a(lib_a-exit.o)
 .debug_frame   0x000006b0       0x20 c:/altera/13.0/nios2eds/bin/gnu/h-i686-mingw32/bin/../lib/gcc/nios2-elf/4.1.2/../../../../nios2-elf/lib/mno-hw-mul\libsmallc.a(lib_a-memcmp.o)
 .debug_frame   0x000006d0       0x4c c:/altera/13.0/nios2eds/bin/gnu/h-i686-mingw32/bin/../lib/gcc/nios2-elf/4.1.2/../../../../nios2-elf/lib/mno-hw-mul\libsmallc.a(lib_a-__call_atexit.o)
 .debug_frame   0x0000071c       0x48 ../Mult1_bsp/\libhal_bsp.a(alt_exit.o)

.debug_str      0x00000000      0xcc3
 *(.debug_str)
 .debug_str     0x00000000      0x403 c:/altera/13.0/nios2eds/bin/gnu/h-i686-mingw32/bin/../lib/gcc/nios2-elf/4.1.2/../../../../nios2-elf/lib/mno-hw-mul\libsmallc.a(lib_a-printf.o)
                                0x463 (size before relaxing)
 .debug_str     0x00000403       0x48 c:/altera/13.0/nios2eds/bin/gnu/h-i686-mingw32/bin/../lib/gcc/nios2-elf/4.1.2/../../../../nios2-elf/lib/mno-hw-mul\libsmallc.a(lib_a-puts.o)
                                0x44d (size before relaxing)
 .debug_str     0x0000044b       0xdf c:/altera/13.0/nios2eds/bin/gnu/h-i686-mingw32/bin/../lib/gcc/nios2-elf/4.1.2/../../../../nios2-elf/lib/mno-hw-mul\libsmallc.a(lib_a-strlen.o)
                                0x181 (size before relaxing)
 .debug_str     0x0000052a      0x168 c:/altera/13.0/nios2eds/bin/gnu/h-i686-mingw32/bin/../lib/gcc/nios2-elf/4.1.2/../../../../nios2-elf/lib/mno-hw-mul\libsmallc.a(lib_a-vfprintf.o)
                                0x5ac (size before relaxing)
 .debug_str     0x00000692       0x70 c:/altera/13.0/nios2eds/bin/gnu/h-i686-mingw32/bin/../lib/gcc/nios2-elf/4.1.2/../../../../nios2-elf/lib/mno-hw-mul\libsmallc.a(lib_a-fvwrite_small_dev.o)
                                0x467 (size before relaxing)
 .debug_str     0x00000702       0xf5 c:/altera/13.0/nios2eds/bin/gnu/h-i686-mingw32/bin/../lib/gcc/nios2-elf/4.1.2/../../../../nios2-elf/lib/mno-hw-mul\libsmallc.a(lib_a-impure.o)
                                0x45a (size before relaxing)
 .debug_str     0x000007f7       0x4f c:/altera/13.0/nios2eds/bin/gnu/h-i686-mingw32/bin/../lib/gcc/nios2-elf/4.1.2/../../../../nios2-elf/lib/mno-hw-mul\libsmallc.a(lib_a-writer.o)
                                0x44e (size before relaxing)
 .debug_str     0x00000846       0x40 c:/altera/13.0/nios2eds/bin/gnu/h-i686-mingw32/bin/../lib/gcc/nios2-elf/4.1.2/../../../../nios2-elf/lib/mno-hw-mul\libsmallc.a(lib_a-int_errno.o)
                                0x174 (size before relaxing)
 .debug_str     0x00000886      0x108 c:/altera/13.0/nios2eds/bin/gnu/h-i686-mingw32/bin/../lib/gcc/nios2-elf/4.1.2/mno-hw-mul\libgcc.a(lib2-divmod.o)
                                0x1b1 (size before relaxing)
 .debug_str     0x0000098e       0x37 c:/altera/13.0/nios2eds/bin/gnu/h-i686-mingw32/bin/../lib/gcc/nios2-elf/4.1.2/mno-hw-mul\libgcc.a(lib2-mul.o)
                                0x172 (size before relaxing)
 .debug_str     0x000009c5       0x12 ../Mult1_bsp/\libhal_bsp.a(alt_load.o)
 .debug_str     0x000009d7       0x12 ../Mult1_bsp/\libhal_bsp.a(alt_main.o)
 .debug_str     0x000009e9       0x12 ../Mult1_bsp/\libhal_bsp.a(alt_write.o)
 .debug_str     0x000009fb       0x12 ../Mult1_bsp/\libhal_bsp.a(alt_sys_init.o)
 .debug_str     0x00000a0d       0x12 ../Mult1_bsp/\libhal_bsp.a(altera_avalon_jtag_uart_read.o)
 .debug_str     0x00000a1f       0x12 ../Mult1_bsp/\libhal_bsp.a(altera_avalon_jtag_uart_write.o)
 .debug_str     0x00000a31       0x12 ../Mult1_bsp/\libhal_bsp.a(alt_close.o)
 .debug_str     0x00000a43       0x12 ../Mult1_bsp/\libhal_bsp.a(alt_dcache_flush_all.o)
 .debug_str     0x00000a55       0x12 ../Mult1_bsp/\libhal_bsp.a(alt_dev.o)
 .debug_str     0x00000a67       0x12 ../Mult1_bsp/\libhal_bsp.a(alt_dev_llist_insert.o)
 .debug_str     0x00000a79       0x12 ../Mult1_bsp/\libhal_bsp.a(alt_errno.o)
 .debug_str     0x00000a8b       0x12 ../Mult1_bsp/\libhal_bsp.a(alt_icache_flush_all.o)
 .debug_str     0x00000a9d       0x12 ../Mult1_bsp/\libhal_bsp.a(alt_io_redirect.o)
 .debug_str     0x00000aaf       0x12 ../Mult1_bsp/\libhal_bsp.a(alt_open.o)
 .debug_str     0x00000ac1       0x12 ../Mult1_bsp/\libhal_bsp.a(altera_nios2_qsys_irq.o)
 .debug_str     0x00000ad3       0x12 ../Mult1_bsp/\libhal_bsp.a(alt_find_dev.o)
 .debug_str     0x00000ae5       0x12 ../Mult1_bsp/\libhal_bsp.a(alt_find_file.o)
 .debug_str     0x00000af7       0x12 ../Mult1_bsp/\libhal_bsp.a(alt_get_fd.o)
 .debug_str     0x00000b09       0xdb c:/altera/13.0/nios2eds/bin/gnu/h-i686-mingw32/bin/../lib/gcc/nios2-elf/4.1.2/../../../../nios2-elf/lib/mno-hw-mul\libsmallc.a(lib_a-exit.o)
                                0x175 (size before relaxing)
 .debug_str     0x00000be4       0x45 c:/altera/13.0/nios2eds/bin/gnu/h-i686-mingw32/bin/../lib/gcc/nios2-elf/4.1.2/../../../../nios2-elf/lib/mno-hw-mul\libsmallc.a(lib_a-memcmp.o)
                                0x17b (size before relaxing)
 .debug_str     0x00000c29       0x7e c:/altera/13.0/nios2eds/bin/gnu/h-i686-mingw32/bin/../lib/gcc/nios2-elf/4.1.2/../../../../nios2-elf/lib/mno-hw-mul\libsmallc.a(lib_a-__call_atexit.o)
                                0x48e (size before relaxing)
 .debug_str     0x00000ca7       0x1c ../Mult1_bsp/\libhal_bsp.a(alt_exit.o)

.debug_loc      0x00000000     0x15ad
 *(.debug_loc)
 .debug_loc     0x00000000       0x2b obj/default/hello_world.o
 .debug_loc     0x0000002b       0x8d c:/altera/13.0/nios2eds/bin/gnu/h-i686-mingw32/bin/../lib/gcc/nios2-elf/4.1.2/../../../../nios2-elf/lib/mno-hw-mul\libsmallc.a(lib_a-printf.o)
 .debug_loc     0x000000b8       0xa2 c:/altera/13.0/nios2eds/bin/gnu/h-i686-mingw32/bin/../lib/gcc/nios2-elf/4.1.2/../../../../nios2-elf/lib/mno-hw-mul\libsmallc.a(lib_a-puts.o)
 .debug_loc     0x0000015a       0x1e c:/altera/13.0/nios2eds/bin/gnu/h-i686-mingw32/bin/../lib/gcc/nios2-elf/4.1.2/../../../../nios2-elf/lib/mno-hw-mul\libsmallc.a(lib_a-strlen.o)
 .debug_loc     0x00000178      0x878 c:/altera/13.0/nios2eds/bin/gnu/h-i686-mingw32/bin/../lib/gcc/nios2-elf/4.1.2/../../../../nios2-elf/lib/mno-hw-mul\libsmallc.a(lib_a-vfprintf.o)
 .debug_loc     0x000009f0      0x162 c:/altera/13.0/nios2eds/bin/gnu/h-i686-mingw32/bin/../lib/gcc/nios2-elf/4.1.2/../../../../nios2-elf/lib/mno-hw-mul\libsmallc.a(lib_a-fvwrite_small_dev.o)
 .debug_loc     0x00000b52       0x97 c:/altera/13.0/nios2eds/bin/gnu/h-i686-mingw32/bin/../lib/gcc/nios2-elf/4.1.2/../../../../nios2-elf/lib/mno-hw-mul\libsmallc.a(lib_a-writer.o)
 .debug_loc     0x00000be9      0x1d2 c:/altera/13.0/nios2eds/bin/gnu/h-i686-mingw32/bin/../lib/gcc/nios2-elf/4.1.2/mno-hw-mul\libgcc.a(lib2-divmod.o)
 .debug_loc     0x00000dbb       0x4f c:/altera/13.0/nios2eds/bin/gnu/h-i686-mingw32/bin/../lib/gcc/nios2-elf/4.1.2/mno-hw-mul\libgcc.a(lib2-mul.o)
 .debug_loc     0x00000e0a       0x56 ../Mult1_bsp/\libhal_bsp.a(alt_load.o)
 .debug_loc     0x00000e60       0x2b ../Mult1_bsp/\libhal_bsp.a(alt_main.o)
 .debug_loc     0x00000e8b       0x56 ../Mult1_bsp/\libhal_bsp.a(alt_write.o)
 .debug_loc     0x00000ee1       0x81 ../Mult1_bsp/\libhal_bsp.a(alt_sys_init.o)
 .debug_loc     0x00000f62       0x56 ../Mult1_bsp/\libhal_bsp.a(altera_avalon_jtag_uart_fd.o)
 .debug_loc     0x00000fb8       0x2b ../Mult1_bsp/\libhal_bsp.a(altera_avalon_jtag_uart_read.o)
 .debug_loc     0x00000fe3       0x2b ../Mult1_bsp/\libhal_bsp.a(altera_avalon_jtag_uart_write.o)
 .debug_loc     0x0000100e       0x56 ../Mult1_bsp/\libhal_bsp.a(alt_close.o)
 .debug_loc     0x00001064       0x2b ../Mult1_bsp/\libhal_bsp.a(alt_dcache_flush_all.o)
 .debug_loc     0x0000108f       0x2b ../Mult1_bsp/\libhal_bsp.a(alt_dev.o)
 .debug_loc     0x000010ba       0x56 ../Mult1_bsp/\libhal_bsp.a(alt_dev_llist_insert.o)
 .debug_loc     0x00001110       0x2b ../Mult1_bsp/\libhal_bsp.a(alt_icache_flush_all.o)
 .debug_loc     0x0000113b       0x56 ../Mult1_bsp/\libhal_bsp.a(alt_io_redirect.o)
 .debug_loc     0x00001191       0x81 ../Mult1_bsp/\libhal_bsp.a(alt_open.o)
 .debug_loc     0x00001212       0x2b ../Mult1_bsp/\libhal_bsp.a(alt_release_fd.o)
 .debug_loc     0x0000123d       0x2b ../Mult1_bsp/\libhal_bsp.a(altera_nios2_qsys_irq.o)
 .debug_loc     0x00001268       0x2b ../Mult1_bsp/\libhal_bsp.a(alt_find_dev.o)
 .debug_loc     0x00001293       0x2b ../Mult1_bsp/\libhal_bsp.a(alt_find_file.o)
 .debug_loc     0x000012be       0x2b ../Mult1_bsp/\libhal_bsp.a(alt_get_fd.o)
 .debug_loc     0x000012e9       0x3d c:/altera/13.0/nios2eds/bin/gnu/h-i686-mingw32/bin/../lib/gcc/nios2-elf/4.1.2/../../../../nios2-elf/lib/mno-hw-mul\libsmallc.a(lib_a-exit.o)
 .debug_loc     0x00001326       0x70 c:/altera/13.0/nios2eds/bin/gnu/h-i686-mingw32/bin/../lib/gcc/nios2-elf/4.1.2/../../../../nios2-elf/lib/mno-hw-mul\libsmallc.a(lib_a-memcmp.o)
 .debug_loc     0x00001396      0x1c1 c:/altera/13.0/nios2eds/bin/gnu/h-i686-mingw32/bin/../lib/gcc/nios2-elf/4.1.2/../../../../nios2-elf/lib/mno-hw-mul\libsmallc.a(lib_a-__call_atexit.o)
 .debug_loc     0x00001557       0x56 ../Mult1_bsp/\libhal_bsp.a(alt_exit.o)

.debug_macinfo
 *(.debug_macinfo)

.debug_weaknames
 *(.debug_weaknames)

.debug_funcnames
 *(.debug_funcnames)

.debug_typenames
 *(.debug_typenames)

.debug_varnames
 *(.debug_varnames)

.debug_alt_sim_info
                0x00000000       0x10
 *(.debug_alt_sim_info)
 .debug_alt_sim_info
                0x00000000       0x10 ../Mult1_bsp//obj/HAL/src/crt0.o
                0x0001a000                __alt_data_end = 0x1a000
                0x0001a000                PROVIDE (__alt_stack_pointer, __alt_data_end)
                0x000124d8                PROVIDE (__alt_stack_limit, __alt_stack_base)
                0x000124d8                PROVIDE (__alt_heap_start, end)
                0x0001a000                PROVIDE (__alt_heap_limit, 0x1a000)
OUTPUT(Mult1.elf elf32-littlenios2)

.debug_ranges   0x00000000      0x178
 .debug_ranges  0x00000000       0x20 ../Mult1_bsp//obj/HAL/src/crt0.o
 .debug_ranges  0x00000020      0x140 c:/altera/13.0/nios2eds/bin/gnu/h-i686-mingw32/bin/../lib/gcc/nios2-elf/4.1.2/../../../../nios2-elf/lib/mno-hw-mul\libsmallc.a(lib_a-vfprintf.o)
 .debug_ranges  0x00000160       0x18 c:/altera/13.0/nios2eds/bin/gnu/h-i686-mingw32/bin/../lib/gcc/nios2-elf/4.1.2/../../../../nios2-elf/lib/mno-hw-mul\libsmallc.a(lib_a-__call_atexit.o)
